ggml_cuda_init: found 1 CUDA devices (Total VRAM: 24117 MiB):
  Device 0: NVIDIA GeForce RTX 3090, compute capability 8.6, VMM: yes, VRAM: 24117 MiB
Testing 3 devices

Backend 1/3: CUDA0
  Device description: NVIDIA GeForce RTX 3090
  Device memory: 24117 MB (23844 MB free)

[TOP_K] ERR = 0.058983986 > 0.000000100   TOP_K(type=i32,ne=[20,16,1,1],op_params=[],sources=f32[248320,16,1,1]): [1;31mFAIL[0m
[TOP_K] ERR = 0.032142952 > 0.000000100   TOP_K(type=i32,ne=[20,24,1,1],op_params=[],sources=f32[248320,24,1,1]): [1;31mFAIL[0m
[TOP_K] ERR = 0.055787203 > 0.000000100   TOP_K(type=i32,ne=[20,65,1,1],op_params=[],sources=f32[248320,65,1,1]): [1;31mFAIL[0m
[ARGSORT] ERR = 0.002810433 > 0.000000100   ARGSORT(type=i32,ne=[248320,16,1,1],op_params=[0:1],sources=f32[248320,16,1,1]): [1;31mFAIL[0m
[ARGSORT] ERR = 0.002803841 > 0.000000100   ARGSORT(type=i32,ne=[248320,24,1,1],op_params=[0:1],sources=f32[248320,24,1,1]): [1;31mFAIL[0m
[ARGSORT] ERR = 0.002774379 > 0.000000100   ARGSORT(type=i32,ne=[248320,65,1,1],op_params=[0:1],sources=f32[248320,65,1,1]): [1;31mFAIL[0m
  0/6 tests passed

Failing tests:
  TOP_K(type=i32,ne=[20,16,1,1],op_params=[],sources=f32[248320,16,1,1])
  TOP_K(type=i32,ne=[20,24,1,1],op_params=[],sources=f32[248320,24,1,1])
  TOP_K(type=i32,ne=[20,65,1,1],op_params=[],sources=f32[248320,65,1,1])
  ARGSORT(type=i32,ne=[248320,16,1,1],op_params=[0:1],sources=f32[248320,16,1,1])
  ARGSORT(type=i32,ne=[248320,24,1,1],op_params=[0:1],sources=f32[248320,24,1,1])
  ARGSORT(type=i32,ne=[248320,65,1,1],op_params=[0:1],sources=f32[248320,65,1,1])
  Backend CUDA0: [1;31mFAIL[0m
Backend 2/3: BLAS
  Skipping
Backend 3/3: CPU
  Skipping
2/3 backends passed
[1;31mFAIL[0m
