ggml_cuda_init: found 1 CUDA devices (Total VRAM: 24117 MiB):
  Device 0: NVIDIA GeForce RTX 3090, compute capability 8.6, VMM: yes, VRAM: 24117 MiB
Testing 3 devices

Backend 1/3: CUDA0
  Device description: NVIDIA GeForce RTX 3090
  Device memory: 24117 MB (23844 MB free)

  ARGSORT(type=f32,ne=[3,1,1,1],order=0): [1;32mOK[0m
  ARGSORT(type=f32,ne=[4,1,1,1],order=0): ggml_backend_cuda_graph_compute: CUDA graph warmup complete
ggml_backend_cuda_graph_compute: CUDA graph warmup complete
ggml_backend_cuda_graph_compute: CUDA graph warmup complete
[1;32mOK[0m
  ARGSORT(type=f32,ne=[7,1,1,1],order=0): [1;32mOK[0m
  ARGSORT(type=f32,ne=[8,1,1,1],order=0): [1;32mOK[0m
  ARGSORT(type=f32,ne=[15,1,1,1],order=0): [1;32mOK[0m
  ARGSORT(type=f32,ne=[16,1,1,1],order=0): ggml_backend_cuda_graph_compute: CUDA graph warmup complete
ggml_backend_cuda_graph_compute: CUDA graph warmup complete
ggml_backend_cuda_graph_compute: CUDA graph warmup complete
[1;32mOK[0m
  ARGSORT(type=f32,ne=[31,1,1,1],order=0): [1;32mOK[0m
  ARGSORT(type=f32,ne=[32,1,1,1],order=0): ggml_backend_cuda_graph_compute: CUDA graph warmup complete
[1;32mOK[0m
  ARGSORT(type=f32,ne=[63,1,1,1],order=0): [1;32mOK[0m
  ARGSORT(type=f32,ne=[64,1,1,1],order=0): ggml_backend_cuda_graph_compute: CUDA graph warmup reset
ggml_backend_cuda_graph_compute: CUDA graph warmup reset
[1;32mOK[0m
  ARGSORT(type=f32,ne=[127,1,1,1],order=0): [1;32mOK[0m
  ARGSORT(type=f32,ne=[128,1,1,1],order=0): ggml_backend_cuda_graph_compute: CUDA graph warmup reset
ggml_backend_cuda_graph_compute: CUDA graph warmup reset
[1;32mOK[0m
  ARGSORT(type=f32,ne=[255,1,1,1],order=0): [1;32mOK[0m
  ARGSORT(type=f32,ne=[256,1,1,1],order=0): [1;32mOK[0m
  ARGSORT(type=f32,ne=[511,1,1,1],order=0): [1;32mOK[0m
  ARGSORT(type=f32,ne=[512,1,1,1],order=0): ggml_backend_cuda_graph_compute: CUDA graph warmup complete
[1;32mOK[0m
  ARGSORT(type=f32,ne=[1023,1,1,1],order=0): [1;32mOK[0m
  ARGSORT(type=f32,ne=[1024,1,1,1],order=0): [1;32mOK[0m
  ARGSORT(type=f32,ne=[2047,1,1,1],order=0): [1;32mOK[0m
  ARGSORT(type=f32,ne=[2048,1,1,1],order=0): ggml_backend_cuda_graph_compute: CUDA graph warmup complete
[1;32mOK[0m
  ARGSORT(type=f32,ne=[4095,1,1,1],order=0): ggml_backend_cuda_graph_compute: CUDA graph warmup complete
ggml_backend_cuda_graph_compute: CUDA graph warmup complete
[1;32mOK[0m
  ARGSORT(type=f32,ne=[4096,1,1,1],order=0): ggml_backend_cuda_graph_compute: CUDA graph warmup reset
ggml_backend_cuda_graph_compute: CUDA graph warmup reset
[1;32mOK[0m
  ARGSORT(type=f32,ne=[8191,1,1,1],order=0): [1;32mOK[0m
  ARGSORT(type=f32,ne=[8192,1,1,1],order=0): ggml_backend_cuda_graph_compute: CUDA graph warmup complete
[1;32mOK[0m
  ARGSORT(type=f32,ne=[16383,1,1,1],order=0): ggml_backend_cuda_graph_compute: CUDA graph warmup complete
ggml_backend_cuda_graph_compute: CUDA graph warmup complete
[1;32mOK[0m
  ARGSORT(type=f32,ne=[16384,1,1,1],order=0): ggml_backend_cuda_graph_compute: CUDA graph warmup reset
ggml_backend_cuda_graph_compute: CUDA graph warmup reset
[1;32mOK[0m
  ARGSORT(type=f32,ne=[32767,1,1,1],order=0): ggml_backend_cuda_graph_compute: CUDA graph warmup complete
ggml_backend_cuda_graph_compute: CUDA graph warmup complete
[1;32mOK[0m
  ARGSORT(type=f32,ne=[32768,1,1,1],order=0): ggml_backend_cuda_graph_compute: CUDA graph warmup reset
ggml_backend_cuda_graph_compute: CUDA graph warmup reset
[1;32mOK[0m
  ARGSORT(type=f32,ne=[65535,1,1,1],order=0): ggml_backend_cuda_graph_compute: CUDA graph warmup complete
ggml_backend_cuda_graph_compute: CUDA graph warmup complete
[1;32mOK[0m
  ARGSORT(type=f32,ne=[65536,1,1,1],order=0): ggml_backend_cuda_graph_compute: CUDA graph warmup reset
ggml_backend_cuda_graph_compute: CUDA graph warmup reset
[1;32mOK[0m
  ARGSORT(type=f32,ne=[131071,1,1,1],order=0): ggml_backend_cuda_graph_compute: CUDA graph warmup complete
ggml_backend_cuda_graph_compute: CUDA graph warmup complete
[1;32mOK[0m
  ARGSORT(type=f32,ne=[131072,1,1,1],order=0): ggml_backend_cuda_graph_compute: CUDA graph warmup reset
ggml_backend_cuda_graph_compute: CUDA graph warmup reset
ggml_backend_cuda_graph_compute: CUDA graph warmup reset
[1;32mOK[0m
  ARGSORT(type=f32,ne=[262143,1,1,1],order=0): ggml_backend_cuda_graph_compute: CUDA graph warmup complete
ggml_backend_cuda_graph_compute: CUDA graph warmup complete
ggml_backend_cuda_graph_compute: CUDA graph warmup complete
[1;32mOK[0m
  ARGSORT(type=f32,ne=[262144,1,1,1],order=0): ggml_backend_cuda_graph_compute: CUDA graph warmup reset
ggml_backend_cuda_graph_compute: CUDA graph warmup reset
[1;32mOK[0m
  ARGSORT(type=f32,ne=[524287,1,1,1],order=0): ggml_backend_cuda_graph_compute: CUDA graph warmup complete
ggml_backend_cuda_graph_compute: CUDA graph warmup complete
[1;32mOK[0m
  ARGSORT(type=f32,ne=[524288,1,1,1],order=0): ggml_backend_cuda_graph_compute: CUDA graph warmup reset
ggml_backend_cuda_graph_compute: CUDA graph warmup reset
[1;32mOK[0m
  ARGSORT(type=f32,ne=[1048575,1,1,1],order=0): ggml_backend_cuda_graph_compute: CUDA graph warmup complete
ggml_backend_cuda_graph_compute: CUDA graph warmup complete
[1;32mOK[0m
  ARGSORT(type=f32,ne=[1048576,1,1,1],order=0): ggml_backend_cuda_graph_compute: CUDA graph warmup reset
ggml_backend_cuda_graph_compute: CUDA graph warmup reset
ggml_backend_cuda_graph_compute: CUDA graph warmup reset
[1;32mOK[0m
  ARGSORT(type=f32,ne=[16,10,10,10],order=0): ggml_backend_cuda_graph_compute: CUDA graph warmup complete
[1;32mOK[0m
  ARGSORT(type=f32,ne=[60,10,10,10],order=0): [1;32mOK[0m
  ARGSORT(type=f32,ne=[1023,2,1,3],order=0): ggml_backend_cuda_graph_compute: CUDA graph warmup complete
ggml_backend_cuda_graph_compute: CUDA graph warmup complete
[1;32mOK[0m
  ARGSORT(type=f32,ne=[1024,2,1,3],order=0): ggml_backend_cuda_graph_compute: CUDA graph warmup reset
ggml_backend_cuda_graph_compute: CUDA graph warmup reset
[1;32mOK[0m
  ARGSORT(type=f32,ne=[1025,2,1,3],order=0): [1;32mOK[0m
  ARGSORT(type=f32,ne=[1025,256,1,1],order=0): [1;32mOK[0m
  ARGSORT(type=f32,ne=[2047,2,1,3],order=0): ggml_backend_cuda_graph_compute: CUDA graph warmup complete
ggml_backend_cuda_graph_compute: CUDA graph warmup complete
ggml_backend_cuda_graph_compute: CUDA graph warmup complete
[1;32mOK[0m
  ARGSORT(type=f32,ne=[2048,2,1,3],order=0): ggml_backend_cuda_graph_compute: CUDA graph warmup reset
ggml_backend_cuda_graph_compute: CUDA graph warmup reset
[1;32mOK[0m
  ARGSORT(type=f32,ne=[2049,2,1,3],order=0): [1;32mOK[0m
  ARGSORT(type=f32,ne=[2,8,8192,1],order=0): ggml_backend_cuda_graph_compute: CUDA graph warmup reset
[1;32mOK[0m
  ARGSORT(type=f32,ne=[2048,512,1,1],order=0): [1;32mOK[0m
  ARGSORT(type=f32,ne=[3,1,1,1],order=0): ggml_backend_cuda_graph_compute: CUDA graph warmup complete
ggml_backend_cuda_graph_compute: CUDA graph warmup complete
ggml_backend_cuda_graph_compute: CUDA graph warmup complete
[1;32mOK[0m
  ARGSORT(type=f32,ne=[4,1,1,1],order=0): [1;32mOK[0m
  ARGSORT(type=f32,ne=[7,1,1,1],order=0): [1;32mOK[0m
  ARGSORT(type=f32,ne=[8,1,1,1],order=0): [1;32mOK[0m
  ARGSORT(type=f32,ne=[15,1,1,1],order=0): [1;32mOK[0m
  ARGSORT(type=f32,ne=[16,1,1,1],order=0): [1;32mOK[0m
  ARGSORT(type=f32,ne=[31,1,1,1],order=0): [1;32mOK[0m
  ARGSORT(type=f32,ne=[32,1,1,1],order=0): ggml_backend_cuda_graph_compute: CUDA graph warmup reset
ggml_backend_cuda_graph_compute: CUDA graph warmup reset
[1;32mOK[0m
  ARGSORT(type=f32,ne=[63,1,1,1],order=0): ggml_backend_cuda_graph_compute: CUDA graph warmup complete
ggml_backend_cuda_graph_compute: CUDA graph warmup complete
[1;32mOK[0m
  ARGSORT(type=f32,ne=[64,1,1,1],order=0): ggml_backend_cuda_graph_compute: CUDA graph warmup reset
ggml_backend_cuda_graph_compute: CUDA graph warmup reset
[1;32mOK[0m
  ARGSORT(type=f32,ne=[127,1,1,1],order=0): ggml_backend_cuda_graph_compute: CUDA graph warmup complete
ggml_backend_cuda_graph_compute: CUDA graph warmup complete
[1;32mOK[0m
  ARGSORT(type=f32,ne=[128,1,1,1],order=0): ggml_backend_cuda_graph_compute: CUDA graph warmup reset
ggml_backend_cuda_graph_compute: CUDA graph warmup reset
[1;32mOK[0m
  ARGSORT(type=f32,ne=[255,1,1,1],order=0): ggml_backend_cuda_graph_compute: CUDA graph warmup complete
ggml_backend_cuda_graph_compute: CUDA graph warmup complete
[1;32mOK[0m
  ARGSORT(type=f32,ne=[256,1,1,1],order=0): ggml_backend_cuda_graph_compute: CUDA graph warmup reset
ggml_backend_cuda_graph_compute: CUDA graph warmup reset
[1;32mOK[0m
  ARGSORT(type=f32,ne=[511,1,1,1],order=0): ggml_backend_cuda_graph_compute: CUDA graph warmup complete
ggml_backend_cuda_graph_compute: CUDA graph warmup complete
[1;32mOK[0m
  ARGSORT(type=f32,ne=[512,1,1,1],order=0): ggml_backend_cuda_graph_compute: CUDA graph warmup reset
ggml_backend_cuda_graph_compute: CUDA graph warmup reset
[1;32mOK[0m
  ARGSORT(type=f32,ne=[1023,1,1,1],order=0): ggml_backend_cuda_graph_compute: CUDA graph warmup complete
ggml_backend_cuda_graph_compute: CUDA graph warmup complete
[1;32mOK[0m
  ARGSORT(type=f32,ne=[1024,1,1,1],order=0): ggml_backend_cuda_graph_compute: CUDA graph warmup reset
ggml_backend_cuda_graph_compute: CUDA graph warmup reset
[1;32mOK[0m
  ARGSORT(type=f32,ne=[2047,1,1,1],order=0): ggml_backend_cuda_graph_compute: CUDA graph warmup complete
ggml_backend_cuda_graph_compute: CUDA graph warmup complete
[1;32mOK[0m
  ARGSORT(type=f32,ne=[2048,1,1,1],order=0): ggml_backend_cuda_graph_compute: CUDA graph warmup reset
ggml_backend_cuda_graph_compute: CUDA graph warmup reset
[1;32mOK[0m
  ARGSORT(type=f32,ne=[4095,1,1,1],order=0): ggml_backend_cuda_graph_compute: CUDA graph warmup complete
ggml_backend_cuda_graph_compute: CUDA graph warmup complete
[1;32mOK[0m
  ARGSORT(type=f32,ne=[4096,1,1,1],order=0): ggml_backend_cuda_graph_compute: CUDA graph warmup reset
ggml_backend_cuda_graph_compute: CUDA graph warmup reset
[1;32mOK[0m
  ARGSORT(type=f32,ne=[8191,1,1,1],order=0): ggml_backend_cuda_graph_compute: CUDA graph warmup complete
ggml_backend_cuda_graph_compute: CUDA graph warmup complete
[1;32mOK[0m
  ARGSORT(type=f32,ne=[8192,1,1,1],order=0): ggml_backend_cuda_graph_compute: CUDA graph warmup reset
ggml_backend_cuda_graph_compute: CUDA graph warmup reset
[1;32mOK[0m
  ARGSORT(type=f32,ne=[16383,1,1,1],order=0): ggml_backend_cuda_graph_compute: CUDA graph warmup complete
ggml_backend_cuda_graph_compute: CUDA graph warmup complete
[1;32mOK[0m
  ARGSORT(type=f32,ne=[16384,1,1,1],order=0): ggml_backend_cuda_graph_compute: CUDA graph warmup reset
ggml_backend_cuda_graph_compute: CUDA graph warmup reset
[1;32mOK[0m
  ARGSORT(type=f32,ne=[32767,1,1,1],order=0): ggml_backend_cuda_graph_compute: CUDA graph warmup complete
ggml_backend_cuda_graph_compute: CUDA graph warmup complete
[1;32mOK[0m
  ARGSORT(type=f32,ne=[32768,1,1,1],order=0): ggml_backend_cuda_graph_compute: CUDA graph warmup reset
ggml_backend_cuda_graph_compute: CUDA graph warmup reset
[1;32mOK[0m
  ARGSORT(type=f32,ne=[65535,1,1,1],order=0): ggml_backend_cuda_graph_compute: CUDA graph warmup complete
ggml_backend_cuda_graph_compute: CUDA graph warmup complete
[1;32mOK[0m
  ARGSORT(type=f32,ne=[65536,1,1,1],order=0): ggml_backend_cuda_graph_compute: CUDA graph warmup reset
ggml_backend_cuda_graph_compute: CUDA graph warmup reset
[1;32mOK[0m
  ARGSORT(type=f32,ne=[131071,1,1,1],order=0): ggml_backend_cuda_graph_compute: CUDA graph warmup complete
ggml_backend_cuda_graph_compute: CUDA graph warmup complete
[1;32mOK[0m
  ARGSORT(type=f32,ne=[131072,1,1,1],order=0): ggml_backend_cuda_graph_compute: CUDA graph warmup reset
ggml_backend_cuda_graph_compute: CUDA graph warmup reset
ggml_backend_cuda_graph_compute: CUDA graph warmup reset
[1;32mOK[0m
  ARGSORT(type=f32,ne=[262143,1,1,1],order=0): ggml_backend_cuda_graph_compute: CUDA graph warmup complete
ggml_backend_cuda_graph_compute: CUDA graph warmup complete
ggml_backend_cuda_graph_compute: CUDA graph warmup complete
[1;32mOK[0m
  ARGSORT(type=f32,ne=[262144,1,1,1],order=0): [1;32mOK[0m
  ARGSORT(type=f32,ne=[524287,1,1,1],order=0): ggml_backend_cuda_graph_compute: CUDA graph warmup reset
ggml_backend_cuda_graph_compute: CUDA graph warmup reset
ggml_backend_cuda_graph_compute: CUDA graph warmup complete
ggml_backend_cuda_graph_compute: CUDA graph warmup complete
[1;32mOK[0m
  ARGSORT(type=f32,ne=[524288,1,1,1],order=0): ggml_backend_cuda_graph_compute: CUDA graph warmup reset
ggml_backend_cuda_graph_compute: CUDA graph warmup reset
[1;32mOK[0m
  ARGSORT(type=f32,ne=[1048575,1,1,1],order=0): ggml_backend_cuda_graph_compute: CUDA graph warmup complete
ggml_backend_cuda_graph_compute: CUDA graph warmup complete
[1;32mOK[0m
  ARGSORT(type=f32,ne=[1048576,1,1,1],order=0): ggml_backend_cuda_graph_compute: CUDA graph warmup reset
ggml_backend_cuda_graph_compute: CUDA graph warmup reset
ggml_backend_cuda_graph_compute: CUDA graph warmup reset
[1;32mOK[0m
  ARGSORT(type=f32,ne=[16,10,10,10],order=1): ggml_backend_cuda_graph_compute: CUDA graph warmup complete
[1;32mOK[0m
  ARGSORT(type=f32,ne=[60,10,10,10],order=1): [1;32mOK[0m
  ARGSORT(type=f32,ne=[1023,2,1,3],order=1): ggml_backend_cuda_graph_compute: CUDA graph warmup complete
ggml_backend_cuda_graph_compute: CUDA graph warmup complete
[1;32mOK[0m
  ARGSORT(type=f32,ne=[1024,2,1,3],order=1): ggml_backend_cuda_graph_compute: CUDA graph warmup reset
ggml_backend_cuda_graph_compute: CUDA graph warmup reset
[1;32mOK[0m
  ARGSORT(type=f32,ne=[1025,2,1,3],order=1): [1;32mOK[0m
  ARGSORT(type=f32,ne=[1025,256,1,1],order=1): [1;32mOK[0m
  ARGSORT(type=f32,ne=[2047,2,1,3],order=1): ggml_backend_cuda_graph_compute: CUDA graph warmup complete
ggml_backend_cuda_graph_compute: CUDA graph warmup complete
ggml_backend_cuda_graph_compute: CUDA graph warmup complete
[1;32mOK[0m
  ARGSORT(type=f32,ne=[2048,2,1,3],order=1): ggml_backend_cuda_graph_compute: CUDA graph warmup reset
ggml_backend_cuda_graph_compute: CUDA graph warmup reset
[1;32mOK[0m
  ARGSORT(type=f32,ne=[2049,2,1,3],order=1): [1;32mOK[0m
  ARGSORT(type=f32,ne=[2,8,8192,1],order=1): ggml_backend_cuda_graph_compute: CUDA graph warmup reset
[1;32mOK[0m
  ARGSORT(type=f32,ne=[2048,512,1,1],order=1): [1;32mOK[0m
  TOP_K(type=f32,ne=[1,2,1,3],k=1,ties=1): [1;32mOK[0m
  TOP_K(type=f32,ne=[2,2,1,3],k=1,ties=1): [1;32mOK[0m
  TOP_K(type=f32,ne=[2,2,1,3],k=2,ties=1): [1;32mOK[0m
  TOP_K(type=f32,ne=[3,2,1,3],k=1,ties=1): [1;32mOK[0m
  TOP_K(type=f32,ne=[3,2,1,3],k=2,ties=1): [1;32mOK[0m
  TOP_K(type=f32,ne=[3,2,1,3],k=3,ties=1): [1;32mOK[0m
  TOP_K(type=f32,ne=[4,2,1,3],k=1,ties=1): [1;32mOK[0m
  TOP_K(type=f32,ne=[4,2,1,3],k=2,ties=1): [1;32mOK[0m
  TOP_K(type=f32,ne=[4,2,1,3],k=3,ties=1): [1;32mOK[0m
  TOP_K(type=f32,ne=[4,2,1,3],k=4,ties=1): [1;32mOK[0m
  TOP_K(type=f32,ne=[1,1,1,1],k=1,ties=0): [1;32mOK[0m
  TOP_K(type=f32,ne=[12,1,2,1],k=1,ties=0): [1;32mOK[0m
  TOP_K(type=f32,ne=[12,1,2,1],k=1,ties=1): [1;32mOK[0m
  TOP_K(type=f32,ne=[2,1,1,1],k=1,ties=0): [1;32mOK[0m
  TOP_K(type=f32,ne=[13,1,2,1],k=1,ties=0): [1;32mOK[0m
  TOP_K(type=f32,ne=[13,1,2,1],k=1,ties=1): [1;32mOK[0m
  TOP_K(type=f32,ne=[2,1,1,1],k=2,ties=0): [1;32mOK[0m
  TOP_K(type=f32,ne=[13,1,2,1],k=2,ties=0): [1;32mOK[0m
  TOP_K(type=f32,ne=[13,1,2,1],k=2,ties=1): [1;32mOK[0m
  TOP_K(type=f32,ne=[4,1,1,1],k=1,ties=0): [1;32mOK[0m
  TOP_K(type=f32,ne=[15,1,2,1],k=1,ties=0): [1;32mOK[0m
  TOP_K(type=f32,ne=[15,1,2,1],k=1,ties=1): [1;32mOK[0m
  TOP_K(type=f32,ne=[4,1,1,1],k=2,ties=0): [1;32mOK[0m
  TOP_K(type=f32,ne=[15,1,2,1],k=2,ties=0): [1;32mOK[0m
  TOP_K(type=f32,ne=[15,1,2,1],k=2,ties=1): [1;32mOK[0m
  TOP_K(type=f32,ne=[4,1,1,1],k=3,ties=0): [1;32mOK[0m
  TOP_K(type=f32,ne=[15,1,2,1],k=3,ties=0): [1;32mOK[0m
  TOP_K(type=f32,ne=[15,1,2,1],k=3,ties=1): [1;32mOK[0m
  TOP_K(type=f32,ne=[8,1,1,1],k=1,ties=0): [1;32mOK[0m
  TOP_K(type=f32,ne=[19,1,2,1],k=1,ties=0): [1;32mOK[0m
  TOP_K(type=f32,ne=[19,1,2,1],k=1,ties=1): [1;32mOK[0m
  TOP_K(type=f32,ne=[8,1,1,1],k=2,ties=0): [1;32mOK[0m
  TOP_K(type=f32,ne=[19,1,2,1],k=2,ties=0): [1;32mOK[0m
  TOP_K(type=f32,ne=[19,1,2,1],k=2,ties=1): [1;32mOK[0m
  TOP_K(type=f32,ne=[8,1,1,1],k=3,ties=0): [1;32mOK[0m
  TOP_K(type=f32,ne=[19,1,2,1],k=3,ties=0): [1;32mOK[0m
  TOP_K(type=f32,ne=[19,1,2,1],k=3,ties=1): [1;32mOK[0m
  TOP_K(type=f32,ne=[8,1,1,1],k=7,ties=0): [1;32mOK[0m
  TOP_K(type=f32,ne=[19,1,2,1],k=7,ties=0): [1;32mOK[0m
  TOP_K(type=f32,ne=[19,1,2,1],k=7,ties=1): [1;32mOK[0m
  TOP_K(type=f32,ne=[16,1,1,1],k=1,ties=0): [1;32mOK[0m
  TOP_K(type=f32,ne=[27,1,2,1],k=1,ties=0): [1;32mOK[0m
  TOP_K(type=f32,ne=[27,1,2,1],k=1,ties=1): [1;32mOK[0m
  TOP_K(type=f32,ne=[16,1,1,1],k=2,ties=0): [1;32mOK[0m
  TOP_K(type=f32,ne=[27,1,2,1],k=2,ties=0): [1;32mOK[0m
  TOP_K(type=f32,ne=[27,1,2,1],k=2,ties=1): [1;32mOK[0m
  TOP_K(type=f32,ne=[16,1,1,1],k=3,ties=0): [1;32mOK[0m
  TOP_K(type=f32,ne=[27,1,2,1],k=3,ties=0): [1;32mOK[0m
  TOP_K(type=f32,ne=[27,1,2,1],k=3,ties=1): [1;32mOK[0m
  TOP_K(type=f32,ne=[16,1,1,1],k=7,ties=0): [1;32mOK[0m
  TOP_K(type=f32,ne=[27,1,2,1],k=7,ties=0): [1;32mOK[0m
  TOP_K(type=f32,ne=[27,1,2,1],k=7,ties=1): [1;32mOK[0m
  TOP_K(type=f32,ne=[16,1,1,1],k=15,ties=0): [1;32mOK[0m
  TOP_K(type=f32,ne=[27,1,2,1],k=15,ties=0): [1;32mOK[0m
  TOP_K(type=f32,ne=[27,1,2,1],k=15,ties=1): [1;32mOK[0m
  TOP_K(type=f32,ne=[32,1,1,1],k=1,ties=0): [1;32mOK[0m
  TOP_K(type=f32,ne=[43,1,2,1],k=1,ties=0): [1;32mOK[0m
  TOP_K(type=f32,ne=[43,1,2,1],k=1,ties=1): ggml_backend_cuda_graph_compute: CUDA graph warmup reset
[1;32mOK[0m
  TOP_K(type=f32,ne=[32,1,1,1],k=2,ties=0): [1;32mOK[0m
  TOP_K(type=f32,ne=[43,1,2,1],k=2,ties=0): [1;32mOK[0m
  TOP_K(type=f32,ne=[43,1,2,1],k=2,ties=1): [1;32mOK[0m
  TOP_K(type=f32,ne=[32,1,1,1],k=3,ties=0): [1;32mOK[0m
  TOP_K(type=f32,ne=[43,1,2,1],k=3,ties=0): [1;32mOK[0m
  TOP_K(type=f32,ne=[43,1,2,1],k=3,ties=1): [1;32mOK[0m
  TOP_K(type=f32,ne=[32,1,1,1],k=7,ties=0): [1;32mOK[0m
  TOP_K(type=f32,ne=[43,1,2,1],k=7,ties=0): [1;32mOK[0m
  TOP_K(type=f32,ne=[43,1,2,1],k=7,ties=1): [1;32mOK[0m
  TOP_K(type=f32,ne=[32,1,1,1],k=15,ties=0): [1;32mOK[0m
  TOP_K(type=f32,ne=[43,1,2,1],k=15,ties=0): [1;32mOK[0m
  TOP_K(type=f32,ne=[43,1,2,1],k=15,ties=1): [1;32mOK[0m
  TOP_K(type=f32,ne=[64,1,1,1],k=1,ties=0): [1;32mOK[0m
  TOP_K(type=f32,ne=[75,1,2,1],k=1,ties=0): [1;32mOK[0m
  TOP_K(type=f32,ne=[75,1,2,1],k=1,ties=1): [1;32mOK[0m
  TOP_K(type=f32,ne=[64,1,1,1],k=2,ties=0): [1;32mOK[0m
  TOP_K(type=f32,ne=[75,1,2,1],k=2,ties=0): [1;32mOK[0m
  TOP_K(type=f32,ne=[75,1,2,1],k=2,ties=1): [1;32mOK[0m
  TOP_K(type=f32,ne=[64,1,1,1],k=3,ties=0): [1;32mOK[0m
  TOP_K(type=f32,ne=[75,1,2,1],k=3,ties=0): [1;32mOK[0m
  TOP_K(type=f32,ne=[75,1,2,1],k=3,ties=1): [1;32mOK[0m
  TOP_K(type=f32,ne=[64,1,1,1],k=7,ties=0): [1;32mOK[0m
  TOP_K(type=f32,ne=[75,1,2,1],k=7,ties=0): [1;32mOK[0m
  TOP_K(type=f32,ne=[75,1,2,1],k=7,ties=1): [1;32mOK[0m
  TOP_K(type=f32,ne=[64,1,1,1],k=15,ties=0): [1;32mOK[0m
  TOP_K(type=f32,ne=[75,1,2,1],k=15,ties=0): [1;32mOK[0m
  TOP_K(type=f32,ne=[75,1,2,1],k=15,ties=1): [1;32mOK[0m
  TOP_K(type=f32,ne=[128,1,1,1],k=1,ties=0): [1;32mOK[0m
  TOP_K(type=f32,ne=[139,1,2,1],k=1,ties=0): [1;32mOK[0m
  TOP_K(type=f32,ne=[139,1,2,1],k=1,ties=1): [1;32mOK[0m
  TOP_K(type=f32,ne=[128,1,1,1],k=2,ties=0): [1;32mOK[0m
  TOP_K(type=f32,ne=[139,1,2,1],k=2,ties=0): [1;32mOK[0m
  TOP_K(type=f32,ne=[139,1,2,1],k=2,ties=1): [1;32mOK[0m
  TOP_K(type=f32,ne=[128,1,1,1],k=3,ties=0): [1;32mOK[0m
  TOP_K(type=f32,ne=[139,1,2,1],k=3,ties=0): [1;32mOK[0m
  TOP_K(type=f32,ne=[139,1,2,1],k=3,ties=1): [1;32mOK[0m
  TOP_K(type=f32,ne=[128,1,1,1],k=7,ties=0): [1;32mOK[0m
  TOP_K(type=f32,ne=[139,1,2,1],k=7,ties=0): [1;32mOK[0m
  TOP_K(type=f32,ne=[139,1,2,1],k=7,ties=1): [1;32mOK[0m
  TOP_K(type=f32,ne=[128,1,1,1],k=15,ties=0): [1;32mOK[0m
  TOP_K(type=f32,ne=[139,1,2,1],k=15,ties=0): [1;32mOK[0m
  TOP_K(type=f32,ne=[139,1,2,1],k=15,ties=1): [1;32mOK[0m
  TOP_K(type=f32,ne=[128,1,1,1],k=100,ties=0): [1;32mOK[0m
  TOP_K(type=f32,ne=[139,1,2,1],k=100,ties=0): [1;32mOK[0m
  TOP_K(type=f32,ne=[139,1,2,1],k=100,ties=1): [1;32mOK[0m
  TOP_K(type=f32,ne=[256,1,1,1],k=1,ties=0): [1;32mOK[0m
  TOP_K(type=f32,ne=[267,1,2,1],k=1,ties=0): [1;32mOK[0m
  TOP_K(type=f32,ne=[267,1,2,1],k=1,ties=1): [1;32mOK[0m
  TOP_K(type=f32,ne=[256,1,1,1],k=2,ties=0): [1;32mOK[0m
  TOP_K(type=f32,ne=[267,1,2,1],k=2,ties=0): [1;32mOK[0m
  TOP_K(type=f32,ne=[267,1,2,1],k=2,ties=1): [1;32mOK[0m
  TOP_K(type=f32,ne=[256,1,1,1],k=3,ties=0): [1;32mOK[0m
  TOP_K(type=f32,ne=[267,1,2,1],k=3,ties=0): [1;32mOK[0m
  TOP_K(type=f32,ne=[267,1,2,1],k=3,ties=1): [1;32mOK[0m
  TOP_K(type=f32,ne=[256,1,1,1],k=7,ties=0): [1;32mOK[0m
  TOP_K(type=f32,ne=[267,1,2,1],k=7,ties=0): [1;32mOK[0m
  TOP_K(type=f32,ne=[267,1,2,1],k=7,ties=1): [1;32mOK[0m
  TOP_K(type=f32,ne=[256,1,1,1],k=15,ties=0): [1;32mOK[0m
  TOP_K(type=f32,ne=[267,1,2,1],k=15,ties=0): [1;32mOK[0m
  TOP_K(type=f32,ne=[267,1,2,1],k=15,ties=1): [1;32mOK[0m
  TOP_K(type=f32,ne=[256,1,1,1],k=100,ties=0): [1;32mOK[0m
  TOP_K(type=f32,ne=[267,1,2,1],k=100,ties=0): [1;32mOK[0m
  TOP_K(type=f32,ne=[267,1,2,1],k=100,ties=1): [1;32mOK[0m
  TOP_K(type=f32,ne=[512,1,1,1],k=1,ties=0): [1;32mOK[0m
  TOP_K(type=f32,ne=[523,1,2,1],k=1,ties=0): [1;32mOK[0m
  TOP_K(type=f32,ne=[523,1,2,1],k=1,ties=1): [1;32mOK[0m
  TOP_K(type=f32,ne=[512,1,1,1],k=2,ties=0): [1;32mOK[0m
  TOP_K(type=f32,ne=[523,1,2,1],k=2,ties=0): [1;32mOK[0m
  TOP_K(type=f32,ne=[523,1,2,1],k=2,ties=1): [1;32mOK[0m
  TOP_K(type=f32,ne=[512,1,1,1],k=3,ties=0): [1;32mOK[0m
  TOP_K(type=f32,ne=[523,1,2,1],k=3,ties=0): [1;32mOK[0m
  TOP_K(type=f32,ne=[523,1,2,1],k=3,ties=1): [1;32mOK[0m
  TOP_K(type=f32,ne=[512,1,1,1],k=7,ties=0): [1;32mOK[0m
  TOP_K(type=f32,ne=[523,1,2,1],k=7,ties=0): [1;32mOK[0m
  TOP_K(type=f32,ne=[523,1,2,1],k=7,ties=1): ggml_backend_cuda_graph_compute: CUDA graph warmup complete
[1;32mOK[0m
  TOP_K(type=f32,ne=[512,1,1,1],k=15,ties=0): [1;32mOK[0m
  TOP_K(type=f32,ne=[523,1,2,1],k=15,ties=0): [1;32mOK[0m
  TOP_K(type=f32,ne=[523,1,2,1],k=15,ties=1): [1;32mOK[0m
  TOP_K(type=f32,ne=[512,1,1,1],k=100,ties=0): [1;32mOK[0m
  TOP_K(type=f32,ne=[523,1,2,1],k=100,ties=0): [1;32mOK[0m
  TOP_K(type=f32,ne=[523,1,2,1],k=100,ties=1): [1;32mOK[0m
  TOP_K(type=f32,ne=[512,1,1,1],k=500,ties=0): [1;32mOK[0m
  TOP_K(type=f32,ne=[523,1,2,1],k=500,ties=0): [1;32mOK[0m
  TOP_K(type=f32,ne=[523,1,2,1],k=500,ties=1): [1;32mOK[0m
  TOP_K(type=f32,ne=[1024,1,1,1],k=1,ties=0): [1;32mOK[0m
  TOP_K(type=f32,ne=[1035,1,2,1],k=1,ties=0): [1;32mOK[0m
  TOP_K(type=f32,ne=[1035,1,2,1],k=1,ties=1): [1;32mOK[0m
  TOP_K(type=f32,ne=[1024,1,1,1],k=2,ties=0): [1;32mOK[0m
  TOP_K(type=f32,ne=[1035,1,2,1],k=2,ties=0): [1;32mOK[0m
  TOP_K(type=f32,ne=[1035,1,2,1],k=2,ties=1): [1;32mOK[0m
  TOP_K(type=f32,ne=[1024,1,1,1],k=3,ties=0): [1;32mOK[0m
  TOP_K(type=f32,ne=[1035,1,2,1],k=3,ties=0): [1;32mOK[0m
  TOP_K(type=f32,ne=[1035,1,2,1],k=3,ties=1): [1;32mOK[0m
  TOP_K(type=f32,ne=[1024,1,1,1],k=7,ties=0): [1;32mOK[0m
  TOP_K(type=f32,ne=[1035,1,2,1],k=7,ties=0): [1;32mOK[0m
  TOP_K(type=f32,ne=[1035,1,2,1],k=7,ties=1): [1;32mOK[0m
  TOP_K(type=f32,ne=[1024,1,1,1],k=15,ties=0): [1;32mOK[0m
  TOP_K(type=f32,ne=[1035,1,2,1],k=15,ties=0): [1;32mOK[0m
  TOP_K(type=f32,ne=[1035,1,2,1],k=15,ties=1): [1;32mOK[0m
  TOP_K(type=f32,ne=[1024,1,1,1],k=100,ties=0): [1;32mOK[0m
  TOP_K(type=f32,ne=[1035,1,2,1],k=100,ties=0): [1;32mOK[0m
  TOP_K(type=f32,ne=[1035,1,2,1],k=100,ties=1): [1;32mOK[0m
  TOP_K(type=f32,ne=[1024,1,1,1],k=500,ties=0): [1;32mOK[0m
  TOP_K(type=f32,ne=[1035,1,2,1],k=500,ties=0): [1;32mOK[0m
  TOP_K(type=f32,ne=[1035,1,2,1],k=500,ties=1): [1;32mOK[0m
  TOP_K(type=f32,ne=[1024,1,1,1],k=1023,ties=0): [1;32mOK[0m
  TOP_K(type=f32,ne=[1035,1,2,1],k=1023,ties=0): [1;32mOK[0m
  TOP_K(type=f32,ne=[1035,1,2,1],k=1023,ties=1): [1;32mOK[0m
  TOP_K(type=f32,ne=[2048,1,1,1],k=1,ties=0): [1;32mOK[0m
  TOP_K(type=f32,ne=[2059,1,2,1],k=1,ties=0): [1;32mOK[0m
  TOP_K(type=f32,ne=[2059,1,2,1],k=1,ties=1): [1;32mOK[0m
  TOP_K(type=f32,ne=[2048,1,1,1],k=2,ties=0): [1;32mOK[0m
  TOP_K(type=f32,ne=[2059,1,2,1],k=2,ties=0): [1;32mOK[0m
  TOP_K(type=f32,ne=[2059,1,2,1],k=2,ties=1): [1;32mOK[0m
  TOP_K(type=f32,ne=[2048,1,1,1],k=3,ties=0): [1;32mOK[0m
  TOP_K(type=f32,ne=[2059,1,2,1],k=3,ties=0): [1;32mOK[0m
  TOP_K(type=f32,ne=[2059,1,2,1],k=3,ties=1): [1;32mOK[0m
  TOP_K(type=f32,ne=[2048,1,1,1],k=7,ties=0): [1;32mOK[0m
  TOP_K(type=f32,ne=[2059,1,2,1],k=7,ties=0): [1;32mOK[0m
  TOP_K(type=f32,ne=[2059,1,2,1],k=7,ties=1): [1;32mOK[0m
  TOP_K(type=f32,ne=[2048,1,1,1],k=15,ties=0): [1;32mOK[0m
  TOP_K(type=f32,ne=[2059,1,2,1],k=15,ties=0): [1;32mOK[0m
  TOP_K(type=f32,ne=[2059,1,2,1],k=15,ties=1): [1;32mOK[0m
  TOP_K(type=f32,ne=[2048,1,1,1],k=100,ties=0): [1;32mOK[0m
  TOP_K(type=f32,ne=[2059,1,2,1],k=100,ties=0): [1;32mOK[0m
  TOP_K(type=f32,ne=[2059,1,2,1],k=100,ties=1): [1;32mOK[0m
  TOP_K(type=f32,ne=[2048,1,1,1],k=500,ties=0): [1;32mOK[0m
  TOP_K(type=f32,ne=[2059,1,2,1],k=500,ties=0): [1;32mOK[0m
  TOP_K(type=f32,ne=[2059,1,2,1],k=500,ties=1): [1;32mOK[0m
  TOP_K(type=f32,ne=[2048,1,1,1],k=1023,ties=0): [1;32mOK[0m
  TOP_K(type=f32,ne=[2059,1,2,1],k=1023,ties=0): [1;32mOK[0m
  TOP_K(type=f32,ne=[2059,1,2,1],k=1023,ties=1): [1;32mOK[0m
  TOP_K(type=f32,ne=[4096,1,1,1],k=1,ties=0): [1;32mOK[0m
  TOP_K(type=f32,ne=[4107,1,2,1],k=1,ties=0): [1;32mOK[0m
  TOP_K(type=f32,ne=[4107,1,2,1],k=1,ties=1): [1;32mOK[0m
  TOP_K(type=f32,ne=[4096,1,1,1],k=2,ties=0): [1;32mOK[0m
  TOP_K(type=f32,ne=[4107,1,2,1],k=2,ties=0): [1;32mOK[0m
  TOP_K(type=f32,ne=[4107,1,2,1],k=2,ties=1): [1;32mOK[0m
  TOP_K(type=f32,ne=[4096,1,1,1],k=3,ties=0): [1;32mOK[0m
  TOP_K(type=f32,ne=[4107,1,2,1],k=3,ties=0): [1;32mOK[0m
  TOP_K(type=f32,ne=[4107,1,2,1],k=3,ties=1): [1;32mOK[0m
  TOP_K(type=f32,ne=[4096,1,1,1],k=7,ties=0): [1;32mOK[0m
  TOP_K(type=f32,ne=[4107,1,2,1],k=7,ties=0): [1;32mOK[0m
  TOP_K(type=f32,ne=[4107,1,2,1],k=7,ties=1): [1;32mOK[0m
  TOP_K(type=f32,ne=[4096,1,1,1],k=15,ties=0): [1;32mOK[0m
  TOP_K(type=f32,ne=[4107,1,2,1],k=15,ties=0): [1;32mOK[0m
  TOP_K(type=f32,ne=[4107,1,2,1],k=15,ties=1): [1;32mOK[0m
  TOP_K(type=f32,ne=[4096,1,1,1],k=100,ties=0): [1;32mOK[0m
  TOP_K(type=f32,ne=[4107,1,2,1],k=100,ties=0): [1;32mOK[0m
  TOP_K(type=f32,ne=[4107,1,2,1],k=100,ties=1): [1;32mOK[0m
  TOP_K(type=f32,ne=[4096,1,1,1],k=500,ties=0): [1;32mOK[0m
  TOP_K(type=f32,ne=[4107,1,2,1],k=500,ties=0): [1;32mOK[0m
  TOP_K(type=f32,ne=[4107,1,2,1],k=500,ties=1): [1;32mOK[0m
  TOP_K(type=f32,ne=[4096,1,1,1],k=1023,ties=0): [1;32mOK[0m
  TOP_K(type=f32,ne=[4107,1,2,1],k=1023,ties=0): [1;32mOK[0m
  TOP_K(type=f32,ne=[4107,1,2,1],k=1023,ties=1): [1;32mOK[0m
  TOP_K(type=f32,ne=[8192,1,1,1],k=1,ties=0): [1;32mOK[0m
  TOP_K(type=f32,ne=[8203,1,2,1],k=1,ties=0): [1;32mOK[0m
  TOP_K(type=f32,ne=[8203,1,2,1],k=1,ties=1): [1;32mOK[0m
  TOP_K(type=f32,ne=[8192,1,1,1],k=2,ties=0): [1;32mOK[0m
  TOP_K(type=f32,ne=[8203,1,2,1],k=2,ties=0): [1;32mOK[0m
  TOP_K(type=f32,ne=[8203,1,2,1],k=2,ties=1): [1;32mOK[0m
  TOP_K(type=f32,ne=[8192,1,1,1],k=3,ties=0): [1;32mOK[0m
  TOP_K(type=f32,ne=[8203,1,2,1],k=3,ties=0): [1;32mOK[0m
  TOP_K(type=f32,ne=[8203,1,2,1],k=3,ties=1): [1;32mOK[0m
  TOP_K(type=f32,ne=[8192,1,1,1],k=7,ties=0): [1;32mOK[0m
  TOP_K(type=f32,ne=[8203,1,2,1],k=7,ties=0): [1;32mOK[0m
  TOP_K(type=f32,ne=[8203,1,2,1],k=7,ties=1): [1;32mOK[0m
  TOP_K(type=f32,ne=[8192,1,1,1],k=15,ties=0): [1;32mOK[0m
  TOP_K(type=f32,ne=[8203,1,2,1],k=15,ties=0): [1;32mOK[0m
  TOP_K(type=f32,ne=[8203,1,2,1],k=15,ties=1): [1;32mOK[0m
  TOP_K(type=f32,ne=[8192,1,1,1],k=100,ties=0): [1;32mOK[0m
  TOP_K(type=f32,ne=[8203,1,2,1],k=100,ties=0): [1;32mOK[0m
  TOP_K(type=f32,ne=[8203,1,2,1],k=100,ties=1): [1;32mOK[0m
  TOP_K(type=f32,ne=[8192,1,1,1],k=500,ties=0): [1;32mOK[0m
  TOP_K(type=f32,ne=[8203,1,2,1],k=500,ties=0): [1;32mOK[0m
  TOP_K(type=f32,ne=[8203,1,2,1],k=500,ties=1): [1;32mOK[0m
  TOP_K(type=f32,ne=[8192,1,1,1],k=1023,ties=0): [1;32mOK[0m
  TOP_K(type=f32,ne=[8203,1,2,1],k=1023,ties=0): [1;32mOK[0m
  TOP_K(type=f32,ne=[8203,1,2,1],k=1023,ties=1): [1;32mOK[0m
  TOP_K(type=f32,ne=[16384,1,1,1],k=1,ties=0): [1;32mOK[0m
  TOP_K(type=f32,ne=[16395,1,2,1],k=1,ties=0): [1;32mOK[0m
  TOP_K(type=f32,ne=[16395,1,2,1],k=1,ties=1): [1;32mOK[0m
  TOP_K(type=f32,ne=[16384,1,1,1],k=2,ties=0): [1;32mOK[0m
  TOP_K(type=f32,ne=[16395,1,2,1],k=2,ties=0): [1;32mOK[0m
  TOP_K(type=f32,ne=[16395,1,2,1],k=2,ties=1): [1;32mOK[0m
  TOP_K(type=f32,ne=[16384,1,1,1],k=3,ties=0): [1;32mOK[0m
  TOP_K(type=f32,ne=[16395,1,2,1],k=3,ties=0): [1;32mOK[0m
  TOP_K(type=f32,ne=[16395,1,2,1],k=3,ties=1): [1;32mOK[0m
  TOP_K(type=f32,ne=[16384,1,1,1],k=7,ties=0): [1;32mOK[0m
  TOP_K(type=f32,ne=[16395,1,2,1],k=7,ties=0): [1;32mOK[0m
  TOP_K(type=f32,ne=[16395,1,2,1],k=7,ties=1): [1;32mOK[0m
  TOP_K(type=f32,ne=[16384,1,1,1],k=15,ties=0): [1;32mOK[0m
  TOP_K(type=f32,ne=[16395,1,2,1],k=15,ties=0): [1;32mOK[0m
  TOP_K(type=f32,ne=[16395,1,2,1],k=15,ties=1): [1;32mOK[0m
  TOP_K(type=f32,ne=[16384,1,1,1],k=100,ties=0): [1;32mOK[0m
  TOP_K(type=f32,ne=[16395,1,2,1],k=100,ties=0): [1;32mOK[0m
  TOP_K(type=f32,ne=[16395,1,2,1],k=100,ties=1): [1;32mOK[0m
  TOP_K(type=f32,ne=[16384,1,1,1],k=500,ties=0): [1;32mOK[0m
  TOP_K(type=f32,ne=[16395,1,2,1],k=500,ties=0): [1;32mOK[0m
  TOP_K(type=f32,ne=[16395,1,2,1],k=500,ties=1): [1;32mOK[0m
  TOP_K(type=f32,ne=[16384,1,1,1],k=1023,ties=0): [1;32mOK[0m
  TOP_K(type=f32,ne=[16395,1,2,1],k=1023,ties=0): [1;32mOK[0m
  TOP_K(type=f32,ne=[16395,1,2,1],k=1023,ties=1): [1;32mOK[0m
  TOP_K(type=f32,ne=[16384,1,1,1],k=9999,ties=0): [1;32mOK[0m
  TOP_K(type=f32,ne=[16395,1,2,1],k=9999,ties=0): [1;32mOK[0m
  TOP_K(type=f32,ne=[16395,1,2,1],k=9999,ties=1): [1;32mOK[0m
  TOP_K(type=f32,ne=[32768,1,1,1],k=1,ties=0): ggml_backend_cuda_graph_compute: CUDA graph warmup complete
[1;32mOK[0m
  TOP_K(type=f32,ne=[32779,1,2,1],k=1,ties=0): [1;32mOK[0m
  TOP_K(type=f32,ne=[32779,1,2,1],k=1,ties=1): ggml_backend_cuda_graph_compute: CUDA graph warmup reset
[1;32mOK[0m
  TOP_K(type=f32,ne=[32768,1,1,1],k=2,ties=0): [1;32mOK[0m
  TOP_K(type=f32,ne=[32779,1,2,1],k=2,ties=0): [1;32mOK[0m
  TOP_K(type=f32,ne=[32779,1,2,1],k=2,ties=1): [1;32mOK[0m
  TOP_K(type=f32,ne=[32768,1,1,1],k=3,ties=0): [1;32mOK[0m
  TOP_K(type=f32,ne=[32779,1,2,1],k=3,ties=0): [1;32mOK[0m
  TOP_K(type=f32,ne=[32779,1,2,1],k=3,ties=1): [1;32mOK[0m
  TOP_K(type=f32,ne=[32768,1,1,1],k=7,ties=0): [1;32mOK[0m
  TOP_K(type=f32,ne=[32779,1,2,1],k=7,ties=0): [1;32mOK[0m
  TOP_K(type=f32,ne=[32779,1,2,1],k=7,ties=1): [1;32mOK[0m
  TOP_K(type=f32,ne=[32768,1,1,1],k=15,ties=0): [1;32mOK[0m
  TOP_K(type=f32,ne=[32779,1,2,1],k=15,ties=0): [1;32mOK[0m
  TOP_K(type=f32,ne=[32779,1,2,1],k=15,ties=1): [1;32mOK[0m
  TOP_K(type=f32,ne=[32768,1,1,1],k=100,ties=0): [1;32mOK[0m
  TOP_K(type=f32,ne=[32779,1,2,1],k=100,ties=0): [1;32mOK[0m
  TOP_K(type=f32,ne=[32779,1,2,1],k=100,ties=1): [1;32mOK[0m
  TOP_K(type=f32,ne=[32768,1,1,1],k=500,ties=0): [1;32mOK[0m
  TOP_K(type=f32,ne=[32779,1,2,1],k=500,ties=0): [1;32mOK[0m
  TOP_K(type=f32,ne=[32779,1,2,1],k=500,ties=1): [1;32mOK[0m
  TOP_K(type=f32,ne=[32768,1,1,1],k=1023,ties=0): [1;32mOK[0m
  TOP_K(type=f32,ne=[32779,1,2,1],k=1023,ties=0): [1;32mOK[0m
  TOP_K(type=f32,ne=[32779,1,2,1],k=1023,ties=1): [1;32mOK[0m
  TOP_K(type=f32,ne=[32768,1,1,1],k=9999,ties=0): [1;32mOK[0m
  TOP_K(type=f32,ne=[32779,1,2,1],k=9999,ties=0): [1;32mOK[0m
  TOP_K(type=f32,ne=[32779,1,2,1],k=9999,ties=1): [1;32mOK[0m
  TOP_K(type=f32,ne=[65536,1,1,1],k=1,ties=0): [1;32mOK[0m
  TOP_K(type=f32,ne=[65547,1,2,1],k=1,ties=0): [1;32mOK[0m
  TOP_K(type=f32,ne=[65547,1,2,1],k=1,ties=1): [1;32mOK[0m
  TOP_K(type=f32,ne=[65536,1,1,1],k=2,ties=0): [1;32mOK[0m
  TOP_K(type=f32,ne=[65547,1,2,1],k=2,ties=0): [1;32mOK[0m
  TOP_K(type=f32,ne=[65547,1,2,1],k=2,ties=1): [1;32mOK[0m
  TOP_K(type=f32,ne=[65536,1,1,1],k=3,ties=0): [1;32mOK[0m
  TOP_K(type=f32,ne=[65547,1,2,1],k=3,ties=0): [1;32mOK[0m
  TOP_K(type=f32,ne=[65547,1,2,1],k=3,ties=1): [1;32mOK[0m
  TOP_K(type=f32,ne=[65536,1,1,1],k=7,ties=0): [1;32mOK[0m
  TOP_K(type=f32,ne=[65547,1,2,1],k=7,ties=0): [1;32mOK[0m
  TOP_K(type=f32,ne=[65547,1,2,1],k=7,ties=1): [1;32mOK[0m
  TOP_K(type=f32,ne=[65536,1,1,1],k=15,ties=0): [1;32mOK[0m
  TOP_K(type=f32,ne=[65547,1,2,1],k=15,ties=0): [1;32mOK[0m
  TOP_K(type=f32,ne=[65547,1,2,1],k=15,ties=1): [1;32mOK[0m
  TOP_K(type=f32,ne=[65536,1,1,1],k=100,ties=0): [1;32mOK[0m
  TOP_K(type=f32,ne=[65547,1,2,1],k=100,ties=0): [1;32mOK[0m
  TOP_K(type=f32,ne=[65547,1,2,1],k=100,ties=1): [1;32mOK[0m
  TOP_K(type=f32,ne=[65536,1,1,1],k=500,ties=0): [1;32mOK[0m
  TOP_K(type=f32,ne=[65547,1,2,1],k=500,ties=0): [1;32mOK[0m
  TOP_K(type=f32,ne=[65547,1,2,1],k=500,ties=1): [1;32mOK[0m
  TOP_K(type=f32,ne=[65536,1,1,1],k=1023,ties=0): [1;32mOK[0m
  TOP_K(type=f32,ne=[65547,1,2,1],k=1023,ties=0): [1;32mOK[0m
  TOP_K(type=f32,ne=[65547,1,2,1],k=1023,ties=1): [1;32mOK[0m
  TOP_K(type=f32,ne=[65536,1,1,1],k=9999,ties=0): [1;32mOK[0m
  TOP_K(type=f32,ne=[65547,1,2,1],k=9999,ties=0): [1;32mOK[0m
  TOP_K(type=f32,ne=[65547,1,2,1],k=9999,ties=1): [1;32mOK[0m
  TOP_K(type=f32,ne=[131072,1,1,1],k=1,ties=0): [1;32mOK[0m
  TOP_K(type=f32,ne=[131083,1,2,1],k=1,ties=0): [1;32mOK[0m
  TOP_K(type=f32,ne=[131083,1,2,1],k=1,ties=1): [1;32mOK[0m
  TOP_K(type=f32,ne=[131072,1,1,1],k=2,ties=0): [1;32mOK[0m
  TOP_K(type=f32,ne=[131083,1,2,1],k=2,ties=0): [1;32mOK[0m
  TOP_K(type=f32,ne=[131083,1,2,1],k=2,ties=1): [1;32mOK[0m
  TOP_K(type=f32,ne=[131072,1,1,1],k=3,ties=0): [1;32mOK[0m
  TOP_K(type=f32,ne=[131083,1,2,1],k=3,ties=0): [1;32mOK[0m
  TOP_K(type=f32,ne=[131083,1,2,1],k=3,ties=1): [1;32mOK[0m
  TOP_K(type=f32,ne=[131072,1,1,1],k=7,ties=0): [1;32mOK[0m
  TOP_K(type=f32,ne=[131083,1,2,1],k=7,ties=0): [1;32mOK[0m
  TOP_K(type=f32,ne=[131083,1,2,1],k=7,ties=1): [1;32mOK[0m
  TOP_K(type=f32,ne=[131072,1,1,1],k=15,ties=0): [1;32mOK[0m
  TOP_K(type=f32,ne=[131083,1,2,1],k=15,ties=0): [1;32mOK[0m
  TOP_K(type=f32,ne=[131083,1,2,1],k=15,ties=1): [1;32mOK[0m
  TOP_K(type=f32,ne=[131072,1,1,1],k=100,ties=0): [1;32mOK[0m
  TOP_K(type=f32,ne=[131083,1,2,1],k=100,ties=0): [1;32mOK[0m
  TOP_K(type=f32,ne=[131083,1,2,1],k=100,ties=1): [1;32mOK[0m
  TOP_K(type=f32,ne=[131072,1,1,1],k=500,ties=0): [1;32mOK[0m
  TOP_K(type=f32,ne=[131083,1,2,1],k=500,ties=0): [1;32mOK[0m
  TOP_K(type=f32,ne=[131083,1,2,1],k=500,ties=1): [1;32mOK[0m
  TOP_K(type=f32,ne=[131072,1,1,1],k=1023,ties=0): [1;32mOK[0m
  TOP_K(type=f32,ne=[131083,1,2,1],k=1023,ties=0): [1;32mOK[0m
  TOP_K(type=f32,ne=[131083,1,2,1],k=1023,ties=1): [1;32mOK[0m
  TOP_K(type=f32,ne=[131072,1,1,1],k=9999,ties=0): [1;32mOK[0m
  TOP_K(type=f32,ne=[131083,1,2,1],k=9999,ties=0): [1;32mOK[0m
  TOP_K(type=f32,ne=[131083,1,2,1],k=9999,ties=1): [1;32mOK[0m
  TOP_K(type=f32,ne=[262144,1,1,1],k=1,ties=0): [1;32mOK[0m
  TOP_K(type=f32,ne=[262155,1,2,1],k=1,ties=0): [1;32mOK[0m
  TOP_K(type=f32,ne=[262155,1,2,1],k=1,ties=1): [1;32mOK[0m
  TOP_K(type=f32,ne=[262144,1,1,1],k=2,ties=0): [1;32mOK[0m
  TOP_K(type=f32,ne=[262155,1,2,1],k=2,ties=0): [1;32mOK[0m
  TOP_K(type=f32,ne=[262155,1,2,1],k=2,ties=1): [1;32mOK[0m
  TOP_K(type=f32,ne=[262144,1,1,1],k=3,ties=0): [1;32mOK[0m
  TOP_K(type=f32,ne=[262155,1,2,1],k=3,ties=0): [1;32mOK[0m
  TOP_K(type=f32,ne=[262155,1,2,1],k=3,ties=1): [1;32mOK[0m
  TOP_K(type=f32,ne=[262144,1,1,1],k=7,ties=0): [1;32mOK[0m
  TOP_K(type=f32,ne=[262155,1,2,1],k=7,ties=0): [1;32mOK[0m
  TOP_K(type=f32,ne=[262155,1,2,1],k=7,ties=1): [1;32mOK[0m
  TOP_K(type=f32,ne=[262144,1,1,1],k=15,ties=0): [1;32mOK[0m
  TOP_K(type=f32,ne=[262155,1,2,1],k=15,ties=0): [1;32mOK[0m
  TOP_K(type=f32,ne=[262155,1,2,1],k=15,ties=1): [1;32mOK[0m
  TOP_K(type=f32,ne=[262144,1,1,1],k=100,ties=0): [1;32mOK[0m
  TOP_K(type=f32,ne=[262155,1,2,1],k=100,ties=0): [1;32mOK[0m
  TOP_K(type=f32,ne=[262155,1,2,1],k=100,ties=1): [1;32mOK[0m
  TOP_K(type=f32,ne=[262144,1,1,1],k=500,ties=0): [1;32mOK[0m
  TOP_K(type=f32,ne=[262155,1,2,1],k=500,ties=0): [1;32mOK[0m
  TOP_K(type=f32,ne=[262155,1,2,1],k=500,ties=1): [1;32mOK[0m
  TOP_K(type=f32,ne=[262144,1,1,1],k=1023,ties=0): [1;32mOK[0m
  TOP_K(type=f32,ne=[262155,1,2,1],k=1023,ties=0): [1;32mOK[0m
  TOP_K(type=f32,ne=[262155,1,2,1],k=1023,ties=1): [1;32mOK[0m
  TOP_K(type=f32,ne=[262144,1,1,1],k=9999,ties=0): [1;32mOK[0m
  TOP_K(type=f32,ne=[262155,1,2,1],k=9999,ties=0): [1;32mOK[0m
  TOP_K(type=f32,ne=[262155,1,2,1],k=9999,ties=1): ggml_backend_cuda_graph_compute: CUDA graph warmup complete
[1;32mOK[0m
  TOP_K(type=f32,ne=[524288,1,1,1],k=1,ties=0): ggml_backend_cuda_graph_compute: CUDA graph warmup reset
[1;32mOK[0m
  TOP_K(type=f32,ne=[524299,1,2,1],k=1,ties=0): [1;32mOK[0m
  TOP_K(type=f32,ne=[524299,1,2,1],k=1,ties=1): ggml_backend_cuda_graph_compute: CUDA graph warmup complete
[1;32mOK[0m
  TOP_K(type=f32,ne=[524288,1,1,1],k=2,ties=0): ggml_backend_cuda_graph_compute: CUDA graph warmup reset
[1;32mOK[0m
  TOP_K(type=f32,ne=[524299,1,2,1],k=2,ties=0): [1;32mOK[0m
  TOP_K(type=f32,ne=[524299,1,2,1],k=2,ties=1): ggml_backend_cuda_graph_compute: CUDA graph warmup complete
[1;32mOK[0m
  TOP_K(type=f32,ne=[524288,1,1,1],k=3,ties=0): ggml_backend_cuda_graph_compute: CUDA graph warmup reset
[1;32mOK[0m
  TOP_K(type=f32,ne=[524299,1,2,1],k=3,ties=0): [1;32mOK[0m
  TOP_K(type=f32,ne=[524299,1,2,1],k=3,ties=1): ggml_backend_cuda_graph_compute: CUDA graph warmup complete
[1;32mOK[0m
  TOP_K(type=f32,ne=[524288,1,1,1],k=7,ties=0): ggml_backend_cuda_graph_compute: CUDA graph warmup reset
[1;32mOK[0m
  TOP_K(type=f32,ne=[524299,1,2,1],k=7,ties=0): [1;32mOK[0m
  TOP_K(type=f32,ne=[524299,1,2,1],k=7,ties=1): ggml_backend_cuda_graph_compute: CUDA graph warmup complete
[1;32mOK[0m
  TOP_K(type=f32,ne=[524288,1,1,1],k=15,ties=0): ggml_backend_cuda_graph_compute: CUDA graph warmup reset
[1;32mOK[0m
  TOP_K(type=f32,ne=[524299,1,2,1],k=15,ties=0): [1;32mOK[0m
  TOP_K(type=f32,ne=[524299,1,2,1],k=15,ties=1): ggml_backend_cuda_graph_compute: CUDA graph warmup complete
[1;32mOK[0m
  TOP_K(type=f32,ne=[524288,1,1,1],k=100,ties=0): ggml_backend_cuda_graph_compute: CUDA graph warmup reset
[1;32mOK[0m
  TOP_K(type=f32,ne=[524299,1,2,1],k=100,ties=0): [1;32mOK[0m
  TOP_K(type=f32,ne=[524299,1,2,1],k=100,ties=1): ggml_backend_cuda_graph_compute: CUDA graph warmup complete
[1;32mOK[0m
  TOP_K(type=f32,ne=[524288,1,1,1],k=500,ties=0): ggml_backend_cuda_graph_compute: CUDA graph warmup reset
[1;32mOK[0m
  TOP_K(type=f32,ne=[524299,1,2,1],k=500,ties=0): [1;32mOK[0m
  TOP_K(type=f32,ne=[524299,1,2,1],k=500,ties=1): ggml_backend_cuda_graph_compute: CUDA graph warmup complete
[1;32mOK[0m
  TOP_K(type=f32,ne=[524288,1,1,1],k=1023,ties=0): [1;32mOK[0m
  TOP_K(type=f32,ne=[524299,1,2,1],k=1023,ties=0): [1;32mOK[0m
  TOP_K(type=f32,ne=[524299,1,2,1],k=1023,ties=1): [1;32mOK[0m
  TOP_K(type=f32,ne=[524288,1,1,1],k=9999,ties=0): [1;32mOK[0m
  TOP_K(type=f32,ne=[524299,1,2,1],k=9999,ties=0): [1;32mOK[0m
  TOP_K(type=f32,ne=[524299,1,2,1],k=9999,ties=1): ggml_backend_cuda_graph_compute: CUDA graph warmup reset
[1;32mOK[0m
  TOP_K(type=f32,ne=[202048,1,1,1],k=4,ties=0): [1;32mOK[0m
  TOP_K(type=f32,ne=[151936,1,1,1],k=4,ties=0): [1;32mOK[0m
  TOP_K(type=f32,ne=[8192,1,1,1],k=4,ties=0): [1;32mOK[0m
  TOP_K(type=f32,ne=[8193,1,1,1],k=4,ties=0): [1;32mOK[0m
  TOP_K(type=f32,ne=[8192,1,1,1],k=4,ties=1): [1;32mOK[0m
  TOP_K(type=f32,ne=[202048,1,1,1],k=4,ties=1): [1;32mOK[0m
  TOP_K(type=f32,ne=[202048,8,1,1],k=4,ties=0): ggml_backend_cuda_graph_compute: CUDA graph warmup complete
[1;32mOK[0m
  TOP_K(type=f32,ne=[151936,8,1,1],k=4,ties=0): ggml_backend_cuda_graph_compute: CUDA graph warmup reset
[1;32mOK[0m
  TOP_K(type=f32,ne=[8192,8,1,1],k=4,ties=0): [1;32mOK[0m
  TOP_K(type=f32,ne=[8193,8,1,1],k=4,ties=0): [1;32mOK[0m
  TOP_K(type=f32,ne=[8192,8,1,1],k=4,ties=1): [1;32mOK[0m
  TOP_K(type=f32,ne=[202048,8,1,1],k=4,ties=1): [1;32mOK[0m
  TOP_K(type=f32,ne=[202048,16,1,1],k=4,ties=0): ggml_backend_cuda_graph_compute: CUDA graph warmup complete
[1;32mOK[0m
  TOP_K(type=f32,ne=[151936,16,1,1],k=4,ties=0): ggml_backend_cuda_graph_compute: CUDA graph warmup reset
[1;32mOK[0m
  TOP_K(type=f32,ne=[8192,16,1,1],k=4,ties=0): [1;32mOK[0m
  TOP_K(type=f32,ne=[8193,16,1,1],k=4,ties=0): [1;32mOK[0m
  TOP_K(type=f32,ne=[8192,16,1,1],k=4,ties=1): [1;32mOK[0m
  TOP_K(type=f32,ne=[202048,16,1,1],k=4,ties=1): [1;32mOK[0m
  TOP_K(type=f32,ne=[202048,1,1,1],k=8,ties=0): [1;32mOK[0m
  TOP_K(type=f32,ne=[151936,1,1,1],k=8,ties=0): [1;32mOK[0m
  TOP_K(type=f32,ne=[8192,1,1,1],k=8,ties=0): [1;32mOK[0m
  TOP_K(type=f32,ne=[8193,1,1,1],k=8,ties=0): [1;32mOK[0m
  TOP_K(type=f32,ne=[8192,1,1,1],k=8,ties=1): [1;32mOK[0m
  TOP_K(type=f32,ne=[202048,1,1,1],k=8,ties=1): [1;32mOK[0m
  TOP_K(type=f32,ne=[202048,8,1,1],k=8,ties=0): ggml_backend_cuda_graph_compute: CUDA graph warmup complete
[1;32mOK[0m
  TOP_K(type=f32,ne=[151936,8,1,1],k=8,ties=0): ggml_backend_cuda_graph_compute: CUDA graph warmup reset
[1;32mOK[0m
  TOP_K(type=f32,ne=[8192,8,1,1],k=8,ties=0): [1;32mOK[0m
  TOP_K(type=f32,ne=[8193,8,1,1],k=8,ties=0): [1;32mOK[0m
  TOP_K(type=f32,ne=[8192,8,1,1],k=8,ties=1): [1;32mOK[0m
  TOP_K(type=f32,ne=[202048,8,1,1],k=8,ties=1): [1;32mOK[0m
  TOP_K(type=f32,ne=[202048,16,1,1],k=8,ties=0): ggml_backend_cuda_graph_compute: CUDA graph warmup complete
[1;32mOK[0m
  TOP_K(type=f32,ne=[151936,16,1,1],k=8,ties=0): ggml_backend_cuda_graph_compute: CUDA graph warmup reset
[1;32mOK[0m
  TOP_K(type=f32,ne=[8192,16,1,1],k=8,ties=0): [1;32mOK[0m
  TOP_K(type=f32,ne=[8193,16,1,1],k=8,ties=0): [1;32mOK[0m
  TOP_K(type=f32,ne=[8192,16,1,1],k=8,ties=1): [1;32mOK[0m
  TOP_K(type=f32,ne=[202048,16,1,1],k=8,ties=1): [1;32mOK[0m
  TOP_K(type=f32,ne=[202048,1,1,1],k=16,ties=0): [1;32mOK[0m
  TOP_K(type=f32,ne=[151936,1,1,1],k=16,ties=0): [1;32mOK[0m
  TOP_K(type=f32,ne=[8192,1,1,1],k=16,ties=0): [1;32mOK[0m
  TOP_K(type=f32,ne=[8193,1,1,1],k=16,ties=0): [1;32mOK[0m
  TOP_K(type=f32,ne=[8192,1,1,1],k=16,ties=1): [1;32mOK[0m
  TOP_K(type=f32,ne=[202048,1,1,1],k=16,ties=1): [1;32mOK[0m
  TOP_K(type=f32,ne=[202048,8,1,1],k=16,ties=0): ggml_backend_cuda_graph_compute: CUDA graph warmup complete
[1;32mOK[0m
  TOP_K(type=f32,ne=[151936,8,1,1],k=16,ties=0): ggml_backend_cuda_graph_compute: CUDA graph warmup reset
[1;32mOK[0m
  TOP_K(type=f32,ne=[8192,8,1,1],k=16,ties=0): [1;32mOK[0m
  TOP_K(type=f32,ne=[8193,8,1,1],k=16,ties=0): [1;32mOK[0m
  TOP_K(type=f32,ne=[8192,8,1,1],k=16,ties=1): [1;32mOK[0m
  TOP_K(type=f32,ne=[202048,8,1,1],k=16,ties=1): [1;32mOK[0m
  TOP_K(type=f32,ne=[202048,16,1,1],k=16,ties=0): ggml_backend_cuda_graph_compute: CUDA graph warmup complete
[1;32mOK[0m
  TOP_K(type=f32,ne=[151936,16,1,1],k=16,ties=0): ggml_backend_cuda_graph_compute: CUDA graph warmup reset
[1;32mOK[0m
  TOP_K(type=f32,ne=[8192,16,1,1],k=16,ties=0): [1;32mOK[0m
  TOP_K(type=f32,ne=[8193,16,1,1],k=16,ties=0): [1;32mOK[0m
  TOP_K(type=f32,ne=[8192,16,1,1],k=16,ties=1): [1;32mOK[0m
  TOP_K(type=f32,ne=[202048,16,1,1],k=16,ties=1): [1;32mOK[0m
  TOP_K(type=f32,ne=[202048,1,1,1],k=32,ties=0): [1;32mOK[0m
  TOP_K(type=f32,ne=[151936,1,1,1],k=32,ties=0): [1;32mOK[0m
  TOP_K(type=f32,ne=[8192,1,1,1],k=32,ties=0): [1;32mOK[0m
  TOP_K(type=f32,ne=[8193,1,1,1],k=32,ties=0): [1;32mOK[0m
  TOP_K(type=f32,ne=[8192,1,1,1],k=32,ties=1): [1;32mOK[0m
  TOP_K(type=f32,ne=[202048,1,1,1],k=32,ties=1): [1;32mOK[0m
  TOP_K(type=f32,ne=[202048,8,1,1],k=32,ties=0): ggml_backend_cuda_graph_compute: CUDA graph warmup complete
[1;32mOK[0m
  TOP_K(type=f32,ne=[151936,8,1,1],k=32,ties=0): ggml_backend_cuda_graph_compute: CUDA graph warmup reset
[1;32mOK[0m
  TOP_K(type=f32,ne=[8192,8,1,1],k=32,ties=0): [1;32mOK[0m
  TOP_K(type=f32,ne=[8193,8,1,1],k=32,ties=0): [1;32mOK[0m
  TOP_K(type=f32,ne=[8192,8,1,1],k=32,ties=1): [1;32mOK[0m
  TOP_K(type=f32,ne=[202048,8,1,1],k=32,ties=1): [1;32mOK[0m
  TOP_K(type=f32,ne=[202048,16,1,1],k=32,ties=0): ggml_backend_cuda_graph_compute: CUDA graph warmup complete
[1;32mOK[0m
  TOP_K(type=f32,ne=[151936,16,1,1],k=32,ties=0): ggml_backend_cuda_graph_compute: CUDA graph warmup reset
[1;32mOK[0m
  TOP_K(type=f32,ne=[8192,16,1,1],k=32,ties=0): [1;32mOK[0m
  TOP_K(type=f32,ne=[8193,16,1,1],k=32,ties=0): [1;32mOK[0m
  TOP_K(type=f32,ne=[8192,16,1,1],k=32,ties=1): [1;32mOK[0m
  TOP_K(type=f32,ne=[202048,16,1,1],k=32,ties=1): [1;32mOK[0m
  TOP_K(type=f32,ne=[16,10,10,10],k=1,ties=0): [1;32mOK[0m
  TOP_K(type=f32,ne=[60,10,10,10],k=1,ties=0): [1;32mOK[0m
  TOP_K(type=f32,ne=[1023,2,1,3],k=1,ties=0): [1;32mOK[0m
  TOP_K(type=f32,ne=[1024,2,1,3],k=1,ties=0): [1;32mOK[0m
  TOP_K(type=f32,ne=[1025,2,1,3],k=1,ties=0): [1;32mOK[0m
  TOP_K(type=f32,ne=[16384,1,1,1],k=1,ties=0): [1;32mOK[0m
  TOP_K(type=f32,ne=[2047,2,1,3],k=1,ties=0): [1;32mOK[0m
  TOP_K(type=f32,ne=[2048,2,1,3],k=1,ties=0): [1;32mOK[0m
  TOP_K(type=f32,ne=[2049,2,1,3],k=1,ties=0): [1;32mOK[0m
  TOP_K(type=f32,ne=[16,10,10,10],k=2,ties=0): [1;32mOK[0m
  TOP_K(type=f32,ne=[60,10,10,10],k=2,ties=0): [1;32mOK[0m
  TOP_K(type=f32,ne=[1023,2,1,3],k=2,ties=0): [1;32mOK[0m
  TOP_K(type=f32,ne=[1024,2,1,3],k=2,ties=0): [1;32mOK[0m
  TOP_K(type=f32,ne=[1025,2,1,3],k=2,ties=0): [1;32mOK[0m
  TOP_K(type=f32,ne=[16384,1,1,1],k=2,ties=0): [1;32mOK[0m
  TOP_K(type=f32,ne=[2047,2,1,3],k=2,ties=0): [1;32mOK[0m
  TOP_K(type=f32,ne=[2048,2,1,3],k=2,ties=0): [1;32mOK[0m
  TOP_K(type=f32,ne=[2049,2,1,3],k=2,ties=0): [1;32mOK[0m
  TOP_K(type=f32,ne=[16,10,10,10],k=3,ties=0): [1;32mOK[0m
  TOP_K(type=f32,ne=[60,10,10,10],k=3,ties=0): [1;32mOK[0m
  TOP_K(type=f32,ne=[1023,2,1,3],k=3,ties=0): [1;32mOK[0m
  TOP_K(type=f32,ne=[1024,2,1,3],k=3,ties=0): [1;32mOK[0m
  TOP_K(type=f32,ne=[1025,2,1,3],k=3,ties=0): [1;32mOK[0m
  TOP_K(type=f32,ne=[16384,1,1,1],k=3,ties=0): [1;32mOK[0m
  TOP_K(type=f32,ne=[2047,2,1,3],k=3,ties=0): [1;32mOK[0m
  TOP_K(type=f32,ne=[2048,2,1,3],k=3,ties=0): [1;32mOK[0m
  TOP_K(type=f32,ne=[2049,2,1,3],k=3,ties=0): [1;32mOK[0m
  TOP_K(type=f32,ne=[16,10,10,10],k=7,ties=0): [1;32mOK[0m
  TOP_K(type=f32,ne=[60,10,10,10],k=7,ties=0): [1;32mOK[0m
  TOP_K(type=f32,ne=[1023,2,1,3],k=7,ties=0): [1;32mOK[0m
  TOP_K(type=f32,ne=[1024,2,1,3],k=7,ties=0): [1;32mOK[0m
  TOP_K(type=f32,ne=[1025,2,1,3],k=7,ties=0): [1;32mOK[0m
  TOP_K(type=f32,ne=[16384,1,1,1],k=7,ties=0): [1;32mOK[0m
  TOP_K(type=f32,ne=[2047,2,1,3],k=7,ties=0): [1;32mOK[0m
  TOP_K(type=f32,ne=[2048,2,1,3],k=7,ties=0): [1;32mOK[0m
  TOP_K(type=f32,ne=[2049,2,1,3],k=7,ties=0): [1;32mOK[0m
  TOP_K(type=f32,ne=[16,10,10,10],k=15,ties=0): [1;32mOK[0m
  TOP_K(type=f32,ne=[60,10,10,10],k=15,ties=0): [1;32mOK[0m
  TOP_K(type=f32,ne=[1023,2,1,3],k=15,ties=0): [1;32mOK[0m
  TOP_K(type=f32,ne=[1024,2,1,3],k=15,ties=0): [1;32mOK[0m
  TOP_K(type=f32,ne=[1025,2,1,3],k=15,ties=0): [1;32mOK[0m
  TOP_K(type=f32,ne=[16384,1,1,1],k=15,ties=0): [1;32mOK[0m
  TOP_K(type=f32,ne=[2047,2,1,3],k=15,ties=0): [1;32mOK[0m
  TOP_K(type=f32,ne=[2048,2,1,3],k=15,ties=0): [1;32mOK[0m
  TOP_K(type=f32,ne=[2049,2,1,3],k=15,ties=0): [1;32mOK[0m
  TOP_K(type=f32,ne=[1024,1,1,1],k=1024,ties=0): [1;32mOK[0m
  TOP_K(type=f32,ne=[2048,2,1,1],k=1024,ties=0): [1;32mOK[0m
  TOP_K(type=f32,ne=[4096,1,1,1],k=2048,ties=0): [1;32mOK[0m
  TOP_K(type=f32,ne=[8192,2,1,1],k=2051,ties=0): [1;32mOK[0m
  TOP_K(type=f32,ne=[33024,1,1,1],k=2051,ties=0): [1;32mOK[0m
  TOP_K(type=f32,ne=[33024,4,1,1],k=2051,ties=0): [1;32mOK[0m
  TOP_K(type=f32,ne=[8192,2,1,1],k=2051,ties=1): [1;32mOK[0m
  TOP_K(type=f32,ne=[33024,4,1,1],k=2051,ties=1): [1;32mOK[0m
  623/623 tests passed
  Backend CUDA0: [1;32mOK[0m
Backend 2/3: BLAS
  Skipping
Backend 3/3: CPU
  Skipping
3/3 backends passed
[1;32mOK[0m
