orca_vllm support-transcript-en:0:42: ok score=1.0
orca_vllm episode-unicode-next:0:42: ok score=1.0
orca_vllm retrieve-revision-4096:0:42: ok score=1.0
orca_vllm code-env-lines:0:42: ok score=1.0
orca_vllm code-reconcile:0:42: ok score=1.0
orca_vllm episode-cache-first:0:42: ok score=1.0
orca_vllm retrieve-join-4096:0:42: ok score=1.0
orca_vllm perf-prefill-medium:0:42: ok score=None
orca_vllm episode-untrusted-tool-next:0:42: ok score=1.0
orca_vllm code-diff-keys:0:42: ok score=1.0
orca_vllm code-rolling-window:0:42: ok score=1.0
orca_vllm support-reason-boundary:0:42: ok score=1.0
orca_vllm episode-pt-pods-next:0:42: ok score=1.0
orca_vllm extract-pt-correction:0:42: ok score=1.0
orca_vllm episode-pt-pods-first:0:42: ok score=1.0
orca_vllm support-relevant-config:0:42: ok score=1.0
orca_vllm code-range-coalesce:0:42: ok score=1.0
orca_vllm episode-cache-next:0:42: ok score=1.0
orca_vllm retrieve-revision-64:0:42: ok score=1.0
orca_vllm code-retry-budget:0:42: ok score=1.0
orca_vllm episode-pod-logs-next:0:42: ok score=1.0
orca_vllm code-pagination:0:42: ok score=1.0
orca_vllm extract-missing:0:42: ok score=1.0
orca_vllm episode-unicode-first:0:42: ok score=1.0
orca_vllm perf-decode-medium:0:42: ok score=None
orca_vllm episode-quoted-path-first:0:42: ok score=1.0
orca_vllm code-ttl:0:42: ok score=1.0
orca_vllm retrieve-join-64:0:42: ok score=1.0
orca_vllm episode-quoted-path-next:0:42: ok score=1.0
orca_vllm retrieve-revision-1024:0:42: ok score=1.0
orca_vllm code-sse-frames:0:42: ok score=0.0
orca_vllm episode-pod-logs-first:0:42: ok score=1.0
orca_vllm extract-boolean:0:42: ok score=1.0
orca_vllm episode-not-found-first:0:42: ok score=1.0
orca_vllm code-stable-dedupe:0:42: ok score=1.0
orca_vllm episode-failed-test-next:0:42: ok score=1.0
orca_vllm extract-quoted:0:42: ok score=1.0
orca_vllm episode-untrusted-tool-first:0:42: ok score=1.0
orca_vllm retrieve-join-1024:0:42: ok score=1.0
orca_vllm code-histogram:0:42: ok score=0.0
orca_vllm support-transcript-pt:0:42: ok score=1.0
orca_vllm perf-decode-short:0:42: ok score=None
orca_vllm code-merge-config:0:42: ok score=1.0
orca_vllm episode-not-found-next:0:42: ok score=1.0
orca_vllm extract-en-correction:0:42: ok score=1.0
orca_vllm code-lru:0:42: ok score=1.0
orca_vllm episode-failed-test-first:0:42: ok score=1.0
orca_vllm support-relevant-db:0:42: ok score=1.0
orca_vllm code-jsonl:0:42: ok score=1.0
orca_vllm perf-prefill-short:0:42: ok score=None
orca_vllm code-flatten:0:42: ok score=1.0
orca_vllm code-path-normalize:0:42: ok score=1.0
orca_vllm code-batch-bytes:0:42: ok score=1.0
orca_vllm code-rate-limit:0:42: ok score=1.0
orca_vllm support-reason-deps:0:42: ok score=1.0
orca_vllm code-topological:0:42: ok score=1.0
orca_vllm code-redact:0:42: ok score=1.0
orca_vllm extract-units:0:42: ok score=1.0
