strata_flash_next support-transcript-en:0:42: ok score=1.0
strata_flash_next episode-unicode-next:0:42: ok score=1.0
strata_flash_next retrieve-revision-4096:0:42: ok score=1.0
strata_flash_next code-env-lines:0:42: ok score=1.0
strata_flash_next code-reconcile:0:42: ok score=1.0
strata_flash_next episode-cache-first:0:42: ok score=1.0
strata_flash_next retrieve-join-4096:0:42: ok score=1.0
strata_flash_next perf-prefill-medium:0:42: ok score=None
strata_flash_next episode-untrusted-tool-next:0:42: ok score=1.0
strata_flash_next code-diff-keys:0:42: ok score=0.0
strata_flash_next code-rolling-window:0:42: ok score=1.0
strata_flash_next support-reason-boundary:0:42: ok score=1.0
strata_flash_next episode-pt-pods-next:0:42: ok score=1.0
strata_flash_next extract-pt-correction:0:42: ok score=1.0
strata_flash_next episode-pt-pods-first:0:42: ok score=1.0
strata_flash_next support-relevant-config:0:42: ok score=1.0
strata_flash_next code-range-coalesce:0:42: ok score=1.0
strata_flash_next episode-cache-next:0:42: ok score=1.0
strata_flash_next retrieve-revision-64:0:42: ok score=1.0
strata_flash_next code-retry-budget:0:42: ok score=1.0
strata_flash_next episode-pod-logs-next:0:42: ok score=1.0
strata_flash_next code-pagination:0:42: ok score=1.0
strata_flash_next extract-missing:0:42: ok score=0.0
strata_flash_next episode-unicode-first:0:42: ok score=1.0
strata_flash_next perf-decode-medium:0:42: ok score=None
strata_flash_next episode-quoted-path-first:0:42: ok score=1.0
strata_flash_next code-ttl:0:42: ok score=1.0
strata_flash_next retrieve-join-64:0:42: ok score=1.0
strata_flash_next episode-quoted-path-next:0:42: ok score=1.0
strata_flash_next retrieve-revision-1024:0:42: ok score=1.0
strata_flash_next code-sse-frames:0:42: ok score=1.0
strata_flash_next episode-pod-logs-first:0:42: ok score=1.0
strata_flash_next extract-boolean:0:42: ok score=1.0
strata_flash_next episode-not-found-first:0:42: ok score=1.0
strata_flash_next code-stable-dedupe:0:42: ok score=1.0
strata_flash_next episode-failed-test-next:0:42: ok score=1.0
strata_flash_next extract-quoted:0:42: ok score=0.0
strata_flash_next episode-untrusted-tool-first:0:42: ok score=1.0
strata_flash_next retrieve-join-1024:0:42: ok score=1.0
strata_flash_next code-histogram:0:42: ok score=1.0
strata_flash_next support-transcript-pt:0:42: ok score=1.0
strata_flash_next perf-decode-short:0:42: ok score=None
strata_flash_next code-merge-config:0:42: ok score=0.0
strata_flash_next episode-not-found-next:0:42: ok score=1.0
strata_flash_next extract-en-correction:0:42: ok score=1.0
strata_flash_next code-lru:0:42: ok score=1.0
strata_flash_next episode-failed-test-first:0:42: ok score=1.0
strata_flash_next support-relevant-db:0:42: ok score=0.6666666666666666
strata_flash_next code-jsonl:0:42: ok score=1.0
strata_flash_next perf-prefill-short:0:42: ok score=None
strata_flash_next code-flatten:0:42: ok score=1.0
strata_flash_next code-path-normalize:0:42: ok score=1.0
strata_flash_next code-batch-bytes:0:42: ok score=1.0
strata_flash_next code-rate-limit:0:42: ok score=1.0
strata_flash_next support-reason-deps:0:42: ok score=1.0
strata_flash_next code-topological:0:42: ok score=1.0
strata_flash_next code-redact:0:42: ok score=0.0
strata_flash_next extract-units:0:42: ok score=1.0
