  Loading the model for the measurements ...
[strata] starting the engine: reading the model's weights ...
[strata] loading the experts into RAM (about 39 GB) and locking part of them for the GPU.
         YOUR PC CAN BE SLOW OR STOP RESPONDING FOR 1-3 MINUTES NOW - this is normal.
         Please wait and don't close this window; the browser opens when it is ready.
[strata] filling the GPU's expert cache (13103 experts, 17.56 GiB of VRAM) ...
[strata] still starting (26 s) - please wait ...
[strata] still starting (46 s) - please wait ...
[strata] still starting (66 s) - please wait ...
[strata] almost ready ...
[strata] still starting (99 s) - please wait ...
[strata] still starting (119 s) - please wait ...
    PCIe share 0.00: 61.9 tok/s
    PCIe share 0.20: 40.6 tok/s
    PCIe share 0.27: 40.4 tok/s
    PCIe share 0.35: 58.8 tok/s
    PCIe share 0.55: 57.1 tok/s
    PCIe share 0.75: 49.3 tok/s
    draft floor 0.30: 10.1 tok/s
    draft floor 0.50: 63.0 tok/s
    draft floor 0.70: 65.3 tok/s
  Measuring with 9 CPU workers (restarts the engine) ...
[strata] starting the engine: reading the model's weights ...
[strata] still starting (20 s) - please wait ...
[strata] loading the experts into RAM (about 39 GB) and locking part of them for the GPU.
         YOUR PC CAN BE SLOW OR STOP RESPONDING FOR 1-3 MINUTES NOW - this is normal.
         Please wait and don't close this window; the browser opens when it is ready.
[strata] filling the GPU's expert cache (13103 experts, 17.56 GiB of VRAM) ...
[strata] still starting (53 s) - please wait ...
[strata] still starting (73 s) - please wait ...
[strata] still starting (93 s) - please wait ...
[strata] almost ready ...
[strata] still starting (132 s) - please wait ...
[strata] still starting (152 s) - please wait ...
    9 workers: 64.5 tok/s
  Measuring with 6 CPU workers (restarts the engine) ...
[strata] starting the engine: reading the model's weights ...
[strata] loading the experts into RAM (about 39 GB) and locking part of them for the GPU.
         YOUR PC CAN BE SLOW OR STOP RESPONDING FOR 1-3 MINUTES NOW - this is normal.
         Please wait and don't close this window; the browser opens when it is ready.
[strata] filling the GPU's expert cache (13103 experts, 17.56 GiB of VRAM) ...
[strata] still starting (24 s) - please wait ...
[strata] still starting (44 s) - please wait ...
[strata] still starting (64 s) - please wait ...
[strata] almost ready ...
[strata] still starting (98 s) - please wait ...
[strata] still starting (118 s) - please wait ...
    6 workers: 76.3 tok/s
  Measuring with 4 CPU workers (restarts the engine) ...
[strata] starting the engine: reading the model's weights ...
[strata] still starting (20 s) - please wait ...
[strata] loading the experts into RAM (about 39 GB) and locking part of them for the GPU.
         YOUR PC CAN BE SLOW OR STOP RESPONDING FOR 1-3 MINUTES NOW - this is normal.
         Please wait and don't close this window; the browser opens when it is ready.
[strata] filling the GPU's expert cache (13103 experts, 17.56 GiB of VRAM) ...
[strata] still starting (57 s) - please wait ...
[strata] still starting (77 s) - please wait ...
[strata] still starting (97 s) - please wait ...
[strata] still starting (117 s) - please wait ...
[strata] still starting (137 s) - please wait ...
[strata] still starting (157 s) - please wait ...
[strata] still starting (177 s) - please wait ...
[strata] still starting (197 s) - please wait ...
[strata] still starting (217 s) - please wait ...
[strata] almost ready ...
[strata] still starting (245 s) - please wait ...
[strata] still starting (265 s) - please wait ...
    4 workers: 77.9 tok/s
{
 "settings": {
  "--pcie-frac": "0.00",
  "--spec-min-p": "0.70",
  "--pool-workers": "4"
 },
 "report": {
  "default": {
   "pcie_frac": 0.27,
   "spec_min_p": 0.5,
   "pool_workers": 9
  },
  "pcie_sweep": {
   "0.0": [
    61.916509456779366
   ],
   "0.2": [
    40.62718212403987
   ],
   "0.27": [
    40.36072397048622
   ],
   "0.35": [
    58.83975360853176
   ],
   "0.55": [
    57.117358322177594
   ],
   "0.75": [
    49.31992447886564
   ]
  },
  "min_p_sweep": {
   "0.3": [
    10.052698128470341
   ],
   "0.5": [
    63.0324518638893
   ],
   "0.7": [
    65.34946648287129
   ]
  },
  "confirm": {
   "0.27/0.5": [
    62.19026333689632,
    54.22579961872484,
    52.22997510915249
   ],
   "0.0/0.7": [
    65.38952745849298,
    52.69441356881149,
    65.43298231264697
   ]
  },
  "workers": {
   "9": [
    64.51612903225806,
    64.55191890665186
   ],
   "6": [
    80.3565823341076,
    72.28371357578496
   ],
   "4": [
    78.4073506891271,
    77.32270146188233
   ]
  },
  "seconds": 1049,
  "tok_s": 77.9
 }
}
