strata_flash_next extract-quoted:0:42: ok score=1.0
strata_flash_next code-topological:0:314: ok score=0.0
strata_flash_next episode-cache-first:0:42: ok score=1.0
strata_flash_next code-redact:0:2718: ok score=1.0
strata_flash_next extract-missing:0:2718: ok score=1.0
strata_flash_next extract-pt-correction:0:314: ok score=1.0
strata_flash_next episode-cache-next:0:2718: ok score=1.0
strata_flash_next code-merge-config:0:2718: ok score=0.0
strata_flash_next support-relevant-db:0:314: ok score=0.0
strata_flash_next code-lru:0:2718: ok score=1.0
strata_flash_next extract-pt-correction:0:2718: ok score=1.0
strata_flash_next support-relevant-db:0:42: ok score=1.0
strata_flash_next support-reason-boundary:0:42: ok score=1.0
strata_flash_next code-diff-keys:0:2718: ok score=0.0
strata_flash_next extract-missing:0:42: ok score=1.0
strata_flash_next extract-missing:0:314: ok score=1.0
strata_flash_next code-diff-keys:0:314: ok score=0.0
strata_flash_next support-reason-boundary:0:2718: ok score=1.0
strata_flash_next episode-cache-next:0:42: ok score=1.0
strata_flash_next code-topological:0:2718: ok score=0.0
strata_flash_next code-topological:0:42: ok score=0.0
strata_flash_next support-relevant-db:0:2718: ok score=1.0
strata_flash_next code-merge-config:0:314: ok score=0.0
strata_flash_next episode-cache-next:0:314: ok score=1.0
strata_flash_next code-lru:0:42: ok score=1.0
strata_flash_next extract-quoted:0:2718: ok score=1.0
strata_flash_next episode-cache-first:0:2718: ok score=1.0
strata_flash_next extract-quoted:0:314: ok score=1.0
strata_flash_next code-redact:0:42: ok score=1.0
strata_flash_next support-reason-boundary:0:314: ok score=1.0
strata_flash_next code-diff-keys:0:42: ok score=0.0
strata_flash_next code-lru:0:314: ok score=1.0
strata_flash_next code-redact:0:314: ok score=1.0
strata_flash_next episode-cache-first:0:314: ok score=1.0
strata_flash_next code-merge-config:0:42: ok score=0.0
strata_flash_next extract-pt-correction:0:42: ok score=1.0
