  Loading the model for the measurements ...
[strata] starting the engine: reading the model's weights ...
[strata] loading the experts into RAM (about 39 GB) and locking part of them for the GPU.
         YOUR PC CAN BE SLOW OR STOP RESPONDING FOR 1-3 MINUTES NOW - this is normal.
         Please wait and don't close this window; the browser opens when it is ready.
[strata] filling the GPU's expert cache (13103 experts, 17.56 GiB of VRAM) ...
[strata] still starting (36 s) - please wait ...
[strata] still starting (56 s) - please wait ...
[strata] still starting (76 s) - please wait ...
[strata] still starting (96 s) - please wait ...
[strata] almost ready ...
[strata] still starting (120 s) - please wait ...
[strata] still starting (140 s) - please wait ...
    PCIe share 0.00: 59.9 tok/s
    PCIe share 0.20: 65.3 tok/s
    PCIe share 0.26: 60.3 tok/s
    PCIe share 0.35: 63.1 tok/s
    PCIe share 0.55: 55.1 tok/s
    PCIe share 0.75: 51.2 tok/s
    draft floor 0.30: 58.6 tok/s
    draft floor 0.50: 61.9 tok/s
    draft floor 0.70: 60.4 tok/s
  Measuring with 9 CPU workers (restarts the engine) ...
[strata] starting the engine: reading the model's weights ...
