thinkingcap_llama support-transcript-en:0:42: ok score=1.0
thinkingcap_llama episode-unicode-next:0:42: ok score=1.0
thinkingcap_llama retrieve-revision-4096:0:42: ok score=1.0
thinkingcap_llama code-env-lines:0:42: ok score=1.0
thinkingcap_llama code-reconcile:0:42: ok score=1.0
thinkingcap_llama episode-cache-first:0:42: ok score=1.0
thinkingcap_llama retrieve-join-4096:0:42: ok score=1.0
thinkingcap_llama perf-prefill-medium:0:42: ok score=None
thinkingcap_llama episode-untrusted-tool-next:0:42: ok score=1.0
thinkingcap_llama code-diff-keys:0:42: ok score=1.0
thinkingcap_llama code-rolling-window:0:42: ok score=1.0
thinkingcap_llama support-reason-boundary:0:42: ok score=1.0
thinkingcap_llama episode-pt-pods-next:0:42: ok score=1.0
thinkingcap_llama extract-pt-correction:0:42: ok score=1.0
thinkingcap_llama episode-pt-pods-first:0:42: ok score=1.0
thinkingcap_llama support-relevant-config:0:42: ok score=1.0
thinkingcap_llama code-range-coalesce:0:42: ok score=1.0
thinkingcap_llama episode-cache-next:0:42: ok score=1.0
thinkingcap_llama retrieve-revision-64:0:42: ok score=1.0
thinkingcap_llama code-retry-budget:0:42: ok score=1.0
thinkingcap_llama episode-pod-logs-next:0:42: ok score=1.0
thinkingcap_llama code-pagination:0:42: ok score=1.0
thinkingcap_llama extract-missing:0:42: ok score=1.0
thinkingcap_llama episode-unicode-first:0:42: ok score=1.0
thinkingcap_llama perf-decode-medium:0:42: ok score=None
thinkingcap_llama episode-quoted-path-first:0:42: ok score=1.0
thinkingcap_llama code-ttl:0:42: ok score=1.0
thinkingcap_llama retrieve-join-64:0:42: ok score=1.0
thinkingcap_llama episode-quoted-path-next:0:42: ok score=1.0
thinkingcap_llama retrieve-revision-1024:0:42: ok score=1.0
thinkingcap_llama code-sse-frames:0:42: ok score=1.0
thinkingcap_llama episode-pod-logs-first:0:42: ok score=1.0
thinkingcap_llama extract-boolean:0:42: ok score=1.0
thinkingcap_llama episode-not-found-first:0:42: ok score=1.0
thinkingcap_llama code-stable-dedupe:0:42: ok score=1.0
thinkingcap_llama episode-failed-test-next:0:42: ok score=1.0
thinkingcap_llama extract-quoted:0:42: ok score=1.0
thinkingcap_llama episode-untrusted-tool-first:0:42: ok score=1.0
thinkingcap_llama retrieve-join-1024:0:42: ok score=1.0
thinkingcap_llama code-histogram:0:42: ok score=1.0
thinkingcap_llama support-transcript-pt:0:42: ok score=1.0
thinkingcap_llama perf-decode-short:0:42: ok score=None
thinkingcap_llama code-merge-config:0:42: ok score=1.0
thinkingcap_llama episode-not-found-next:0:42: ok score=1.0
thinkingcap_llama extract-en-correction:0:42: ok score=1.0
thinkingcap_llama code-lru:0:42: ok score=1.0
thinkingcap_llama episode-failed-test-first:0:42: ok score=1.0
thinkingcap_llama support-relevant-db:0:42: ok score=1.0
thinkingcap_llama code-jsonl:0:42: ok score=1.0
thinkingcap_llama perf-prefill-short:0:42: ok score=None
thinkingcap_llama code-flatten:0:42: ok score=1.0
thinkingcap_llama code-path-normalize:0:42: ok score=1.0
thinkingcap_llama code-batch-bytes:0:42: ok score=1.0
thinkingcap_llama code-rate-limit:0:42: ok score=1.0
thinkingcap_llama support-reason-deps:0:42: ok score=1.0
thinkingcap_llama code-topological:0:42: ok score=1.0
thinkingcap_llama code-redact:0:42: ok score=1.0
thinkingcap_llama extract-units:0:42: ok score=1.0
